Component: ARM Compiler 5.06 update 7 (build 960) Tool: armlink [4d3601]

==============================================================================

Section Cross References

    startup_stm32f070xb.o(RESET) refers to startup_stm32f070xb.o(STACK) for __initial_sp
    startup_stm32f070xb.o(RESET) refers to startup_stm32f070xb.o(.text) for Reset_Handler
    startup_stm32f070xb.o(RESET) refers to stm32f0xx_it.o(i.NMI_Handler) for NMI_Handler
    startup_stm32f070xb.o(RESET) refers to stm32f0xx_it.o(i.HardFault_Handler) for HardFault_Handler
    startup_stm32f070xb.o(RESET) refers to stm32f0xx_it.o(i.SVC_Handler) for SVC_Handler
    startup_stm32f070xb.o(RESET) refers to stm32f0xx_it.o(i.PendSV_Handler) for PendSV_Handler
    startup_stm32f070xb.o(RESET) refers to stm32f0xx_it.o(i.SysTick_Handler) for SysTick_Handler
    startup_stm32f070xb.o(RESET) refers to stm32f0xx_it.o(i.TIM14_IRQHandler) for TIM14_IRQHandler
    startup_stm32f070xb.o(RESET) refers to stm32f0xx_it.o(i.USART1_IRQHandler) for USART1_IRQHandler
    startup_stm32f070xb.o(.text) refers to system_stm32f0xx.o(i.SystemInit) for SystemInit
    startup_stm32f070xb.o(.text) refers to entry.o(.ARM.Collect$$$$00000000) for __main
    main.o(i.HAL_UART_ErrorCallback) refers to main.o(i.Error_Handler) for Error_Handler
    main.o(i.HAL_UART_RxCpltCallback) refers to main.o(.data) for UartReady
    main.o(i.HAL_UART_TxCpltCallback) refers to main.o(.data) for UartReady
    main.o(i.LimpiarBuferRecepcion) refers to stm32f0xx_it.o(.data) for FlagSerial0
    main.o(i.LimpiarBuferRecepcion) refers to main.o(.bss) for aRxBuffer
    main.o(i.LimpiarBuferRecepcion) refers to bsp_printer.o(.bss) for Impresor
    main.o(i.MX_ADC_Init) refers to stm32f0xx_hal_adc.o(i.HAL_ADC_Init) for HAL_ADC_Init
    main.o(i.MX_ADC_Init) refers to main.o(i.Error_Handler) for Error_Handler
    main.o(i.MX_ADC_Init) refers to stm32f0xx_hal_adc.o(i.HAL_ADC_ConfigChannel) for HAL_ADC_ConfigChannel
    main.o(i.MX_ADC_Init) refers to main.o(.bss) for hadc
    main.o(i.MX_GPIO_Init) refers to memseta.o(.text) for __aeabi_memclr4
    main.o(i.MX_GPIO_Init) refers to stm32f0xx_hal_gpio.o(i.HAL_GPIO_WritePin) for HAL_GPIO_WritePin
    main.o(i.MX_GPIO_Init) refers to stm32f0xx_hal_gpio.o(i.HAL_GPIO_Init) for HAL_GPIO_Init
    main.o(i.MX_I2C1_Init) refers to stm32f0xx_hal_i2c.o(i.HAL_I2C_Init) for HAL_I2C_Init
    main.o(i.MX_I2C1_Init) refers to main.o(i.Error_Handler) for Error_Handler
    main.o(i.MX_I2C1_Init) refers to stm32f0xx_hal_i2c_ex.o(i.HAL_I2CEx_ConfigAnalogFilter) for HAL_I2CEx_ConfigAnalogFilter
    main.o(i.MX_I2C1_Init) refers to stm32f0xx_hal_i2c_ex.o(i.HAL_I2CEx_ConfigDigitalFilter) for HAL_I2CEx_ConfigDigitalFilter
    main.o(i.MX_I2C1_Init) refers to main.o(.bss) for hi2c1
    main.o(i.MX_USART1_UART_Init) refers to stm32f0xx_hal_uart.o(i.HAL_UART_DeInit) for HAL_UART_DeInit
    main.o(i.MX_USART1_UART_Init) refers to main.o(i.Error_Handler) for Error_Handler
    main.o(i.MX_USART1_UART_Init) refers to stm32f0xx_hal_uart.o(i.HAL_UART_Init) for HAL_UART_Init
    main.o(i.MX_USART1_UART_Init) refers to main.o(.bss) for UartHandle
    main.o(i.RTC_Init) refers to bsp_printer.o(i.SpeedMotorMonitor) for SpeedMotorMonitor
    main.o(i.RTC_Init) refers to dvr_rtc.o(i.ISL1208_read8) for ISL1208_read8
    main.o(i.RTC_Init) refers to main.o(i.isl1208_enable_oscillator) for isl1208_enable_oscillator
    main.o(i.RTC_Init) refers to memcpya.o(.text) for __aeabi_memcpy4
    main.o(i.RTC_Init) refers to dvr_rtc.o(i.ISL1208time) for ISL1208time
    main.o(i.RTC_Init) refers to dvr_rtc.o(i.ISL1208_write8) for ISL1208_write8
    main.o(i.RTC_Init) refers to bsp_printer.o(.bss) for Impresor
    main.o(i.ReadSensors) refers to main.o(i.iGet_ADCx_Value) for iGet_ADCx_Value
    main.o(i.SendAndPrint) refers to main.o(i.vSend_String_Usart) for vSend_String_Usart
    main.o(i.SendAndPrint) refers to bsp_printer.o(i.Print) for Print
    main.o(i.SendAndPrint) refers to bsp_printer.o(i.SpeedMotorMonitor) for SpeedMotorMonitor
    main.o(i.SendPrinterInfo) refers to main.o(i.ReadSensors) for ReadSensors
    main.o(i.SendPrinterInfo) refers to main.o(i.SendAndPrint) for SendAndPrint
    main.o(i.SendPrinterInfo) refers to f2d.o(.text) for __aeabi_f2d
    main.o(i.SendPrinterInfo) refers to printfa.o(i.__0sprintf) for __2sprintf
    main.o(i.SendPrinterInfo) refers to ffixi.o(.text) for __aeabi_f2iz
    main.o(i.SendPrinterInfo) refers to main.o(.data) for FirmwareVersion
    main.o(i.SendPrinterInfo) refers to bsp_printer.o(.bss) for Impresor
    main.o(i.SendPrinterInfo) refers to main.o(.bss) for UartHandle
    main.o(i.SystemClock_Config) refers to memseta.o(.text) for __aeabi_memclr4
    main.o(i.SystemClock_Config) refers to stm32f0xx_hal_rcc.o(i.HAL_RCC_OscConfig) for HAL_RCC_OscConfig
    main.o(i.SystemClock_Config) refers to main.o(i.Error_Handler) for Error_Handler
    main.o(i.SystemClock_Config) refers to stm32f0xx_hal_rcc.o(i.HAL_RCC_ClockConfig) for HAL_RCC_ClockConfig
[...]
    Removing stm32f0xx_hal_pwr.o(i.HAL_PWR_EnterSTANDBYMode), (40 bytes).
    Removing stm32f0xx_hal_pwr.o(i.HAL_PWR_EnterSTOPMode), (172 bytes).
    Removing stm32f0xx_hal_pwr_ex.o(.rev16_text), (4 bytes).
    Removing stm32f0xx_hal_pwr_ex.o(.revsh_text), (4 bytes).
    Removing stm32f0xx_hal_flash.o(.rev16_text), (4 bytes).
    Removing stm32f0xx_hal_flash.o(.revsh_text), (4 bytes).
    Removing stm32f0xx_hal_flash.o(i.FLASH_Program_HalfWord), (32 bytes).
    Removing stm32f0xx_hal_flash.o(i.FLASH_SetErrorCode), (72 bytes).
    Removing stm32f0xx_hal_flash.o(i.FLASH_WaitForLastOperation), (104 bytes).
    Removing stm32f0xx_hal_flash.o(i.HAL_FLASH_EndOfOperationCallback), (2 bytes).
    Removing stm32f0xx_hal_flash.o(i.HAL_FLASH_GetError), (12 bytes).
    Removing stm32f0xx_hal_flash.o(i.HAL_FLASH_IRQHandler), (396 bytes).
    Removing stm32f0xx_hal_flash.o(i.HAL_FLASH_Lock), (20 bytes).
    Removing stm32f0xx_hal_flash.o(i.HAL_FLASH_OB_Launch), (32 bytes).
    Removing stm32f0xx_hal_flash.o(i.HAL_FLASH_OB_Lock), (24 bytes).
    Removing stm32f0xx_hal_flash.o(i.HAL_FLASH_OB_Unlock), (48 bytes).
    Removing stm32f0xx_hal_flash.o(i.HAL_FLASH_OperationErrorCallback), (2 bytes).
    Removing stm32f0xx_hal_flash.o(i.HAL_FLASH_Program), (296 bytes).
    Removing stm32f0xx_hal_flash.o(i.HAL_FLASH_Program_IT), (236 bytes).
    Removing stm32f0xx_hal_flash.o(i.HAL_FLASH_Unlock), (52 bytes).
    Removing stm32f0xx_hal_flash.o(.bss), (32 bytes).
    Removing stm32f0xx_hal_flash_ex.o(.rev16_text), (4 bytes).
    Removing stm32f0xx_hal_flash_ex.o(.revsh_text), (4 bytes).
    Removing stm32f0xx_hal_flash_ex.o(i.FLASH_MassErase), (40 bytes).
    Removing stm32f0xx_hal_flash_ex.o(i.FLASH_OB_DisableWRP), (308 bytes).
    Removing stm32f0xx_hal_flash_ex.o(i.FLASH_OB_EnableWRP), (312 bytes).
    Removing stm32f0xx_hal_flash_ex.o(i.FLASH_OB_GetRDP), (40 bytes).
    Removing stm32f0xx_hal_flash_ex.o(i.FLASH_OB_GetUser), (20 bytes).
    Removing stm32f0xx_hal_flash_ex.o(i.FLASH_OB_GetWRP), (12 bytes).
    Removing stm32f0xx_hal_flash_ex.o(i.FLASH_OB_ProgramData), (168 bytes).
    Removing stm32f0xx_hal_flash_ex.o(i.FLASH_OB_RDP_LevelConfig), (212 bytes).
    Removing stm32f0xx_hal_flash_ex.o(i.FLASH_OB_UserConfig), (316 bytes).
    Removing stm32f0xx_hal_flash_ex.o(i.FLASH_PageErase), (44 bytes).
    Removing stm32f0xx_hal_flash_ex.o(i.HAL_FLASHEx_Erase), (316 bytes).
    Removing stm32f0xx_hal_flash_ex.o(i.HAL_FLASHEx_Erase_IT), (256 bytes).
    Removing stm32f0xx_hal_flash_ex.o(i.HAL_FLASHEx_OBErase), (100 bytes).
    Removing stm32f0xx_hal_flash_ex.o(i.HAL_FLASHEx_OBGetConfig), (28 bytes).
    Removing stm32f0xx_hal_flash_ex.o(i.HAL_FLASHEx_OBGetUserData), (40 bytes).
    Removing stm32f0xx_hal_flash_ex.o(i.HAL_FLASHEx_OBProgram), (316 bytes).
    Removing system_stm32f0xx.o(.rev16_text), (4 bytes).
    Removing system_stm32f0xx.o(.revsh_text), (4 bytes).
    Removing system_stm32f0xx.o(i.SystemCoreClockUpdate), (184 bytes).

442 unused section(s) (total 63288 bytes) removed from the image.

==============================================================================

Image Symbol Table

    Local Symbols

    Symbol Name                              Value     Ov Type        Size  Object(Section)

    ../Drivers/STM32F0xx_HAL_Driver/Src/stm32f0xx_hal.c 0x00000000   Number         0  stm32f0xx_hal.o ABSOLUTE
    ../Drivers/STM32F0xx_HAL_Driver/Src/stm32f0xx_hal_adc.c 0x00000000   Number         0  stm32f0xx_hal_adc.o ABSOLUTE
    ../Drivers/STM32F0xx_HAL_Driver/Src/stm32f0xx_hal_adc_ex.c 0x00000000   Number         0  stm32f0xx_hal_adc_ex.o ABSOLUTE
    ../Drivers/STM32F0xx_HAL_Driver/Src/stm32f0xx_hal_cortex.c 0x00000000   Number         0  stm32f0xx_hal_cortex.o ABSOLUTE
    ../Drivers/STM32F0xx_HAL_Driver/Src/stm32f0xx_hal_dma.c 0x00000000   Number         0  stm32f0xx_hal_dma.o ABSOLUTE
    ../Drivers/STM32F0xx_HAL_Driver/Src/stm32f0xx_hal_flash.c 0x00000000   Number         0  stm32f0xx_hal_flash.o ABSOLUTE
    ../Drivers/STM32F0xx_HAL_Driver/Src/stm32f0xx_hal_flash_ex.c 0x00000000   Number         0  stm32f0xx_hal_flash_ex.o ABSOLUTE
    ../Drivers/STM32F0xx_HAL_Driver/Src/stm32f0xx_hal_gpio.c 0x00000000   Number         0  stm32f0xx_hal_gpio.o ABSOLUTE
    ../Drivers/STM32F0xx_HAL_Driver/Src/stm32f0xx_hal_i2c.c 0x00000000   Number         0  stm32f0xx_hal_i2c.o ABSOLUTE
    ../Drivers/STM32F0xx_HAL_Driver/Src/stm32f0xx_hal_i2c_ex.c 0x00000000   Number         0  stm32f0xx_hal_i2c_ex.o ABSOLUTE
    ../Drivers/STM32F0xx_HAL_Driver/Src/stm32f0xx_hal_pwr.c 0x00000000   Number         0  stm32f0xx_hal_pwr.o ABSOLUTE
    ../Drivers/STM32F0xx_HAL_Driver/Src/stm32f0xx_hal_pwr_ex.c 0x00000000   Number         0  stm32f0xx_hal_pwr_ex.o ABSOLUTE
    ../Drivers/STM32F0xx_HAL_Driver/Src/stm32f0xx_hal_rcc.c 0x00000000   Number         0  stm32f0xx_hal_rcc.o ABSOLUTE
    ../Drivers/STM32F0xx_HAL_Driver/Src/stm32f0xx_hal_rcc_ex.c 0x00000000   Number         0  stm32f0xx_hal_rcc_ex.o ABSOLUTE
    ../Drivers/STM32F0xx_HAL_Driver/Src/stm32f0xx_hal_tim.c 0x00000000   Number         0  stm32f0xx_hal_tim.o ABSOLUTE
    ../Drivers/STM32F0xx_HAL_Driver/Src/stm32f0xx_hal_tim_ex.c 0x00000000   Number         0  stm32f0xx_hal_tim_ex.o ABSOLUTE
    ../Drivers/STM32F0xx_HAL_Driver/Src/stm32f0xx_hal_uart.c 0x00000000   Number         0  stm32f0xx_hal_uart.o ABSOLUTE
    ../Drivers/STM32F0xx_HAL_Driver/Src/stm32f0xx_hal_uart_ex.c 0x00000000   Number         0  stm32f0xx_hal_uart_ex.o ABSOLUTE
    ../Src/main.c                            0x00000000   Number         0  main.o ABSOLUTE
    ../Src/stm32f0xx_hal_msp.c               0x00000000   Number         0  stm32f0xx_hal_msp.o ABSOLUTE
    ../Src/stm32f0xx_it.c                    0x00000000   Number         0  stm32f0xx_it.o ABSOLUTE
    ../Src/system_stm32f0xx.c                0x00000000   Number         0  system_stm32f0xx.o ABSOLUTE
    ../clib/microlib/division.c              0x00000000   Number         0  uidiv.o ABSOLUTE
    ../clib/microlib/division.c              0x00000000   Number         0  idiv.o ABSOLUTE
    ../clib/microlib/division.c              0x00000000   Number         0  uldiv.o ABSOLUTE
    ../clib/microlib/init/entry.s            0x00000000   Number         0  entry7b.o ABSOLUTE
    ../clib/microlib/init/entry.s            0x00000000   Number         0  entry5.o ABSOLUTE
    ../clib/microlib/init/entry.s            0x00000000   Number         0  entry2.o ABSOLUTE
    ../clib/microlib/init/entry.s            0x00000000   Number         0  entry8b.o ABSOLUTE
    ../clib/microlib/init/entry.s            0x00000000   Number         0  entry11b.o ABSOLUTE
    ../clib/microlib/init/entry.s            0x00000000   Number         0  entry9a.o ABSOLUTE
    ../clib/microlib/init/entry.s            0x00000000   Number         0  entry.o ABSOLUTE
    ../clib/microlib/init/entry.s            0x00000000   Number         0  entry10b.o ABSOLUTE
    ../clib/microlib/init/entry.s            0x00000000   Number         0  entry7a.o ABSOLUTE
    ../clib/microlib/init/entry.s            0x00000000   Number         0  entry12b.o ABSOLUTE
    ../clib/microlib/init/entry.s            0x00000000   Number         0  entry12a.o ABSOLUTE
    ../clib/microlib/init/entry.s            0x00000000   Number         0  entry11a.o ABSOLUTE
    ../clib/microlib/init/entry.s            0x00000000   Number         0  entry10a.o ABSOLUTE
    ../clib/microlib/init/entry.s            0x00000000   Number         0  entry9b.o ABSOLUTE
    ../clib/microlib/init/entry.s            0x00000000   Number         0  entry8a.o ABSOLUTE
    ../clib/microlib/longlong.c              0x00000000   Number         0  llsshr.o ABSOLUTE
    ../clib/microlib/longlong.c              0x00000000   Number         0  llushr.o ABSOLUTE
    ../clib/microlib/longlong.c              0x00000000   Number         0  llshl.o ABSOLUTE
    ../clib/microlib/printf/printf.c         0x00000000   Number         0  printf2.o ABSOLUTE
    ../clib/microlib/printf/printf.c         0x00000000   Number         0  printf3.o ABSOLUTE
    ../clib/microlib/printf/printf.c         0x00000000   Number         0  printf4.o ABSOLUTE
    ../clib/microlib/printf/printf.c         0x00000000   Number         0  printf5.o ABSOLUTE
    ../clib/microlib/printf/printf.c         0x00000000   Number         0  printf6.o ABSOLUTE
    ../clib/microlib/printf/printf.c         0x00000000   Number         0  printfb.o ABSOLUTE
    ../clib/microlib/printf/printf.c         0x00000000   Number         0  printf0.o ABSOLUTE
    ../clib/microlib/printf/printf.c         0x00000000   Number         0  printf1.o ABSOLUTE
    ../clib/microlib/printf/printf.c         0x00000000   Number         0  printfa.o ABSOLUTE
    ../clib/microlib/printf/printf.c         0x00000000   Number         0  printf8.o ABSOLUTE
    ../clib/microlib/printf/printf.c         0x00000000   Number         0  printf7.o ABSOLUTE
    ../clib/microlib/printf/stubs.s          0x00000000   Number         0  stubs.o ABSOLUTE
    ../clib/microlib/stdio/fputc.c           0x00000000   Number         0  fputc.o ABSOLUTE
    ../clib/microlib/stdio/semi.s            0x00000000   Number         0  semi.o ABSOLUTE
    ../clib/microlib/stdio/streams.c         0x00000000   Number         0  stdout.o ABSOLUTE
    ../clib/microlib/string/memcpy.c         0x00000000   Number         0  memcpyb.o ABSOLUTE
    ../clib/microlib/string/memcpy.c         0x00000000   Number         0  memcpya.o ABSOLUTE
    ../clib/microlib/string/memset.c         0x00000000   Number         0  memseta.o ABSOLUTE
    ../clib/microlib/string/strcmp.c         0x00000000   Number         0  strcmp.o ABSOLUTE
    ../clib/microlib/string/strcpy.c         0x00000000   Number         0  strcpy.o ABSOLUTE
    ../clib/microlib/stubs.s                 0x00000000   Number         0  iusesemip.o ABSOLUTE
    ../clib/microlib/stubs.s                 0x00000000   Number         0  iusefp.o ABSOLUTE
    ../fplib/microlib/d2f.c                  0x00000000   Number         0  d2f.o ABSOLUTE
    ../fplib/microlib/f2d.c                  0x00000000   Number         0  f2d.o ABSOLUTE
    ../fplib/microlib/fpadd.c                0x00000000   Number         0  fadd.o ABSOLUTE
    ../fplib/microlib/fpadd.c                0x00000000   Number         0  dadd.o ABSOLUTE
    ../fplib/microlib/fpdiv.c                0x00000000   Number         0  ddiv.o ABSOLUTE
    ../fplib/microlib/fpepilogue.c           0x00000000   Number         0  depilogue.o ABSOLUTE
    ../fplib/microlib/fpepilogue.c           0x00000000   Number         0  fepilogue.o ABSOLUTE
    ../fplib/microlib/fpfix.c                0x00000000   Number         0  dfixul.o ABSOLUTE
    ../fplib/microlib/fpfix.c                0x00000000   Number         0  dfixui.o ABSOLUTE
    ../fplib/microlib/fpfix.c                0x00000000   Number         0  ffixi.o ABSOLUTE
    ../fplib/microlib/fpflt.c                0x00000000   Number         0  dflti.o ABSOLUTE
    ../fplib/microlib/fpflt.c                0x00000000   Number         0  dfltui.o ABSOLUTE
    ../fplib/microlib/fpmul.c                0x00000000   Number         0  dmul.o ABSOLUTE
    ..\Drivers\STM32F0xx_HAL_Driver\Src\stm32f0xx_hal.c 0x00000000   Number         0  stm32f0xx_hal.o ABSOLUTE
    ..\Drivers\STM32F0xx_HAL_Driver\Src\stm32f0xx_hal_adc.c 0x00000000   Number         0  stm32f0xx_hal_adc.o ABSOLUTE
    ..\Drivers\STM32F0xx_HAL_Driver\Src\stm32f0xx_hal_adc_ex.c 0x00000000   Number         0  stm32f0xx_hal_adc_ex.o ABSOLUTE
    ..\Drivers\STM32F0xx_HAL_Driver\Src\stm32f0xx_hal_cortex.c 0x00000000   Number         0  stm32f0xx_hal_cortex.o ABSOLUTE
    ..\Drivers\STM32F0xx_HAL_Driver\Src\stm32f0xx_hal_dma.c 0x00000000   Number         0  stm32f0xx_hal_dma.o ABSOLUTE
    ..\Drivers\STM32F0xx_HAL_Driver\Src\stm32f0xx_hal_flash.c 0x00000000   Number         0  stm32f0xx_hal_flash.o ABSOLUTE
    ..\Drivers\STM32F0xx_HAL_Driver\Src\stm32f0xx_hal_flash_ex.c 0x00000000   Number         0  stm32f0xx_hal_flash_ex.o ABSOLUTE
    ..\Drivers\STM32F0xx_HAL_Driver\Src\stm32f0xx_hal_gpio.c 0x00000000   Number         0  stm32f0xx_hal_gpio.o ABSOLUTE
    ..\Drivers\STM32F0xx_HAL_Driver\Src\stm32f0xx_hal_i2c.c 0x00000000   Number         0  stm32f0xx_hal_i2c.o ABSOLUTE
    ..\Drivers\STM32F0xx_HAL_Driver\Src\stm32f0xx_hal_i2c_ex.c 0x00000000   Number         0  stm32f0xx_hal_i2c_ex.o ABSOLUTE
    ..\Drivers\STM32F0xx_HAL_Driver\Src\stm32f0xx_hal_pwr.c 0x00000000   Number         0  stm32f0xx_hal_pwr.o ABSOLUTE
    ..\Drivers\STM32F0xx_HAL_Driver\Src\stm32f0xx_hal_pwr_ex.c 0x00000000   Number         0  stm32f0xx_hal_pwr_ex.o ABSOLUTE
    ..\Drivers\STM32F0xx_HAL_Driver\Src\stm32f0xx_hal_rcc.c 0x00000000   Number         0  stm32f0xx_hal_rcc.o ABSOLUTE
    ..\Drivers\STM32F0xx_HAL_Driver\Src\stm32f0xx_hal_rcc_ex.c 0x00000000   Number         0  stm32f0xx_hal_rcc_ex.o ABSOLUTE
    ..\Drivers\STM32F0xx_HAL_Driver\Src\stm32f0xx_hal_tim.c 0x00000000   Number         0  stm32f0xx_hal_tim.o ABSOLUTE
    ..\Drivers\STM32F0xx_HAL_Driver\Src\stm32f0xx_hal_tim_ex.c 0x00000000   Number         0  stm32f0xx_hal_tim_ex.o ABSOLUTE
    ..\Drivers\STM32F0xx_HAL_Driver\Src\stm32f0xx_hal_uart.c 0x00000000   Number         0  stm32f0xx_hal_uart.o ABSOLUTE
    ..\Drivers\STM32F0xx_HAL_Driver\Src\stm32f0xx_hal_uart_ex.c 0x00000000   Number         0  stm32f0xx_hal_uart_ex.o ABSOLUTE
    ..\Src\bsp_printer.c                     0x00000000   Number         0  bsp_printer.o ABSOLUTE
    ..\Src\dvr_rtc.c                         0x00000000   Number         0  dvr_rtc.o ABSOLUTE
    ..\Src\main.c                            0x00000000   Number         0  main.o ABSOLUTE
    ..\Src\printer_bmp.c                     0x00000000   Number         0  printer_bmp.o ABSOLUTE
    ..\Src\stm32f0xx_hal_msp.c               0x00000000   Number         0  stm32f0xx_hal_msp.o ABSOLUTE
    ..\Src\stm32f0xx_it.c                    0x00000000   Number         0  stm32f0xx_it.o ABSOLUTE
    ..\Src\system_stm32f0xx.c                0x00000000   Number         0  system_stm32f0xx.o ABSOLUTE
    ..\\Src\\bsp_printer.c                   0x00000000   Number         0  bsp_printer.o ABSOLUTE
    ..\\Src\\dvr_rtc.c                       0x00000000   Number         0  dvr_rtc.o ABSOLUTE
    ..\\Src\\printer_bmp.c                   0x00000000   Number         0  printer_bmp.o ABSOLUTE
    cdcmple.s                                0x00000000   Number         0  cdcmple.o ABSOLUTE
    cdrcmple.s                               0x00000000   Number         0  cdrcmple.o ABSOLUTE
    cfcmple.s                                0x00000000   Number         0  cfcmple.o ABSOLUTE
    dc.s                                     0x00000000   Number         0  dc.o ABSOLUTE
    handlers.s                               0x00000000   Number         0  handlers.o ABSOLUTE
    init.s                                   0x00000000   Number         0  init.o ABSOLUTE
    startup_stm32f070xb.s                    0x00000000   Number         0  startup_stm32f070xb.o ABSOLUTE
    RESET                                    0x08000000   Section      192  startup_stm32f070xb.o(RESET)
    .ARM.Collect$$$$00000000                 0x080000c0   Section        0  entry.o(.ARM.Collect$$$$00000000)
    .ARM.Collect$$$$00000001                 0x080000c0   Section        4  entry2.o(.ARM.Collect$$$$00000001)
    .ARM.Collect$$$$00000004                 0x080000c4   Section        4  entry5.o(.ARM.Collect$$$$00000004)
    .ARM.Collect$$$$00000008                 0x080000c8   Section        0  entry7b.o(.ARM.Collect$$$$00000008)
    .ARM.Collect$$$$0000000A                 0x080000c8   Section        0  entry8b.o(.ARM.Collect$$$$0000000A)
    .ARM.Collect$$$$0000000B                 0x080000c8   Section        8  entry9a.o(.ARM.Collect$$$$0000000B)
    .ARM.Collect$$$$0000000E                 0x080000d0   Section        4  entry12b.o(.ARM.Collect$$$$0000000E)
    .ARM.Collect$$$$0000000F                 0x080000d4   Section        0  entry10a.o(.ARM.Collect$$$$0000000F)
    .ARM.Collect$$$$00000011                 0x080000d4   Section        0  entry11a.o(.ARM.Collect$$$$00000011)
    .ARM.Collect$$$$00002712                 0x080000d4   Section        4  entry2.o(.ARM.Collect$$$$00002712)
    __lit__00000000                          0x080000d4   Data           4  entry2.o(.ARM.Collect$$$$00002712)
    .text                                    0x080000d8   Section       28  startup_stm32f070xb.o(.text)
    .text                                    0x080000f4   Section        0  uidiv.o(.text)
    .text                                    0x08000120   Section        0  idiv.o(.text)
    .text                                    0x08000148   Section        0  llushr.o(.text)
    .text                                    0x0800016a   Section        0  memcpya.o(.text)
    .text                                    0x0800018e   Section        0  memseta.o(.text)
    .text                                    0x080001b2   Section        0  strcmp.o(.text)
    .text                                    0x080001ce   Section        0  strcpy.o(.text)
    .text                                    0x080001e0   Section        0  fadd.o(.text)
    .text                                    0x08000294   Section        0  dadd.o(.text)
    .text                                    0x080003fc   Section        0  dmul.o(.text)
    .text                                    0x080004cc   Section        0  ddiv.o(.text)
    .text                                    0x080005bc   Section        0  dflti.o(.text)
    .text                                    0x080005e4   Section        0  dfltui.o(.text)
    .text                                    0x08000600   Section        0  ffixi.o(.text)
    .text                                    0x08000634   Section        0  dfixui.o(.text)
    .text                                    0x08000670   Section        0  f2d.o(.text)
    .text                                    0x08000698   Section       40  cdcmple.o(.text)
    .text                                    0x080006c0   Section       40  cdrcmple.o(.text)
    .text                                    0x080006e8   Section        0  d2f.o(.text)
    .text                                    0x08000720   Section       20  cfcmple.o(.text)
    .text                                    0x08000734   Section        0  uldiv.o(.text)
    .text                                    0x08000794   Section        0  llshl.o(.text)
    .text                                    0x080007b4   Section        0  llsshr.o(.text)
    .text                                    0x080007da   Section        0  iusefp.o(.text)
    .text                                    0x080007da   Section        0  fepilogue.o(.text)
    .text                                    0x0800085c   Section        0  depilogue.o(.text)
    .text                                    0x0800091c   Section        0  dfixul.o(.text)
    .text                                    0x0800095c   Section       36  init.o(.text)
    i.ADC_Enable                             0x08000980   Section        0  stm32f0xx_hal_adc.o(i.ADC_Enable)
    ADC_Enable                               0x08000981   Thumb Code   198  stm32f0xx_hal_adc.o(i.ADC_Enable)
    i.BSP_Printer_FillZEROsFirstLine         0x08000a54   Section        0  bsp_printer.o(i.BSP_Printer_FillZEROsFirstLine)
    i.ClearBufferToPrint                     0x08000a94   Section        0  bsp_printer.o(i.ClearBufferToPrint)
    i.DecToBCD2                              0x08000ab0   Section        0  dvr_rtc.o(i.DecToBCD2)
    i.Demo0                                  0x08000acc   Section        0  bsp_printer.o(i.Demo0)
    i.EjectCMD                               0x08000cd4   Section        0  bsp_printer.o(i.EjectCMD)
    i.Error_Handler                          0x08001172   Section        0  main.o(i.Error_Handler)
    i.GetCommand                             0x08001178   Section        0  bsp_printer.o(i.GetCommand)
    i.GetFontParam                           0x0800142c   Section        0  bsp_printer.o(i.GetFontParam)
    i.HAL_ADC_ConfigChannel                  0x08001498   Section        0  stm32f0xx_hal_adc.o(i.HAL_ADC_ConfigChannel)
    i.HAL_ADC_GetValue                       0x08001740   Section        0  stm32f0xx_hal_adc.o(i.HAL_ADC_GetValue)
    i.HAL_ADC_Init                           0x0800179c   Section        0  stm32f0xx_hal_adc.o(i.HAL_ADC_Init)
    i.HAL_ADC_MspInit                        0x08001b2c   Section        0  stm32f0xx_hal_msp.o(i.HAL_ADC_MspInit)
    i.HAL_ADC_Start                          0x08001bd4   Section        0  stm32f0xx_hal_adc.o(i.HAL_ADC_Start)
    i.HAL_Delay                              0x08001c9c   Section        0  stm32f0xx_hal.o(i.HAL_Delay)
    i.HAL_GPIO_DeInit                        0x08001cbc   Section        0  stm32f0xx_hal_gpio.o(i.HAL_GPIO_DeInit)
    i.HAL_GPIO_Init                          0x08001e5c   Section        0  stm32f0xx_hal_gpio.o(i.HAL_GPIO_Init)
    i.HAL_GPIO_ReadPin                       0x080021c0   Section        0  stm32f0xx_hal_gpio.o(i.HAL_GPIO_ReadPin)
    i.HAL_GPIO_TogglePin                     0x08002230   Section        0  stm32f0xx_hal_gpio.o(i.HAL_GPIO_TogglePin)
    i.HAL_GPIO_WritePin                      0x08002294   Section        0  stm32f0xx_hal_gpio.o(i.HAL_GPIO_WritePin)
    i.HAL_GetTick                            0x08002314   Section        0  stm32f0xx_hal.o(i.HAL_GetTick)
    i.HAL_I2CEx_ConfigAnalogFilter           0x08002320   Section        0  stm32f0xx_hal_i2c_ex.o(i.HAL_I2CEx_ConfigAnalogFilter)
    i.HAL_I2CEx_ConfigDigitalFilter          0x08002408   Section        0  stm32f0xx_hal_i2c_ex.o(i.HAL_I2CEx_ConfigDigitalFilter)
    i.HAL_I2C_Init                           0x080024e8   Section        0  stm32f0xx_hal_i2c.o(i.HAL_I2C_Init)
    i.HAL_I2C_Master_Receive                 0x080026ec   Section        0  stm32f0xx_hal_i2c.o(i.HAL_I2C_Master_Receive)
    i.HAL_I2C_Master_Transmit                0x0800286c   Section        0  stm32f0xx_hal_i2c.o(i.HAL_I2C_Master_Transmit)
    i.HAL_I2C_MspInit                        0x080029e8   Section        0  stm32f0xx_hal_msp.o(i.HAL_I2C_MspInit)
    i.HAL_IncTick                            0x08002a6c   Section        0  stm32f0xx_hal.o(i.HAL_IncTick)
    i.HAL_Init                               0x08002a7c   Section        0  stm32f0xx_hal.o(i.HAL_Init)
    i.HAL_InitTick                           0x08002a9c   Section        0  stm32f0xx_hal.o(i.HAL_InitTick)
    i.HAL_MspInit                            0x08002ac4   Section        0  stm32f0xx_hal_msp.o(i.HAL_MspInit)
    i.HAL_NVIC_DisableIRQ                    0x08002b04   Section        0  stm32f0xx_hal_cortex.o(i.HAL_NVIC_DisableIRQ)
    i.HAL_NVIC_EnableIRQ                     0x08002b68   Section        0  stm32f0xx_hal_cortex.o(i.HAL_NVIC_EnableIRQ)
    i.HAL_NVIC_SetPriority                   0x08002bcc   Section        0  stm32f0xx_hal_cortex.o(i.HAL_NVIC_SetPriority)
    i.HAL_RCCEx_PeriphCLKConfig              0x08002c28   Section        0  stm32f0xx_hal_rcc_ex.o(i.HAL_RCCEx_PeriphCLKConfig)
    i.HAL_RCC_ClockConfig                    0x08002e60   Section        0  stm32f0xx_hal_rcc.o(i.HAL_RCC_ClockConfig)
    i.HAL_RCC_GetHCLKFreq                    0x08003114   Section        0  stm32f0xx_hal_rcc.o(i.HAL_RCC_GetHCLKFreq)
    i.HAL_RCC_GetPCLK1Freq                   0x08003120   Section        0  stm32f0xx_hal_rcc.o(i.HAL_RCC_GetPCLK1Freq)
    i.HAL_RCC_GetSysClockFreq                0x08003144   Section        0  stm32f0xx_hal_rcc.o(i.HAL_RCC_GetSysClockFreq)
    i.HAL_RCC_OscConfig                      0x0800320c   Section        0  stm32f0xx_hal_rcc.o(i.HAL_RCC_OscConfig)
    i.HAL_SYSTICK_CLKSourceConfig            0x080039f0   Section        0  stm32f0xx_hal_cortex.o(i.HAL_SYSTICK_CLKSourceConfig)
    i.HAL_SYSTICK_Config                     0x08003a68   Section        0  stm32f0xx_hal_cortex.o(i.HAL_SYSTICK_Config)
    i.HAL_TIMEx_BreakCallback                0x08003aa0   Section        0  stm32f0xx_hal_tim_ex.o(i.HAL_TIMEx_BreakCallback)
    i.HAL_TIMEx_CommutationCallback          0x08003aa2   Section        0  stm32f0xx_hal_tim_ex.o(i.HAL_TIMEx_CommutationCallback)
    i.HAL_TIM_Base_Init                      0x08003aa4   Section        0  stm32f0xx_hal_tim.o(i.HAL_TIM_Base_Init)
    i.HAL_TIM_Base_MspInit                   0x08003be0   Section        0  stm32f0xx_hal_msp.o(i.HAL_TIM_Base_MspInit)
    i.HAL_TIM_Base_Start_IT                  0x08003c24   Section        0  stm32f0xx_hal_tim.o(i.HAL_TIM_Base_Start_IT)
    i.HAL_TIM_Base_Stop_IT                   0x08003ce8   Section        0  stm32f0xx_hal_tim.o(i.HAL_TIM_Base_Stop_IT)
    i.HAL_TIM_IC_CaptureCallback             0x08003dcc   Section        0  stm32f0xx_hal_tim.o(i.HAL_TIM_IC_CaptureCallback)
    i.HAL_TIM_IRQHandler                     0x08003dce   Section        0  stm32f0xx_hal_tim.o(i.HAL_TIM_IRQHandler)
    i.HAL_TIM_OC_DelayElapsedCallback        0x08003f96   Section        0  stm32f0xx_hal_tim.o(i.HAL_TIM_OC_DelayElapsedCallback)
    i.HAL_TIM_PWM_PulseFinishedCallback      0x08003f98   Section        0  stm32f0xx_hal_tim.o(i.HAL_TIM_PWM_PulseFinishedCallback)
    i.HAL_TIM_PeriodElapsedCallback          0x08003f9a   Section        0  stm32f0xx_hal_tim.o(i.HAL_TIM_PeriodElapsedCallback)
    i.HAL_TIM_TriggerCallback                0x08003f9c   Section        0  stm32f0xx_hal_tim.o(i.HAL_TIM_TriggerCallback)
    i.HAL_UART_DeInit                        0x08003fa0   Section        0  stm32f0xx_hal_uart.o(i.HAL_UART_DeInit)
    i.HAL_UART_Init                          0x08004064   Section        0  stm32f0xx_hal_uart.o(i.HAL_UART_Init)
    i.HAL_UART_MspDeInit                     0x08004188   Section        0  stm32f0xx_hal_msp.o(i.HAL_UART_MspDeInit)
    i.HAL_UART_MspInit                       0x080041c0   Section        0  stm32f0xx_hal_msp.o(i.HAL_UART_MspInit)
    i.HAL_UART_Receive                       0x08004250   Section        0  stm32f0xx_hal_uart.o(i.HAL_UART_Receive)
    i.HAL_UART_Transmit                      0x0800439c   Section        0  stm32f0xx_hal_uart.o(i.HAL_UART_Transmit)
    i.HardFault_Handler                      0x0800448c   Section        0  stm32f0xx_it.o(i.HardFault_Handler)
    i.I2C_Flush_TXDR                         0x08004490   Section        0  stm32f0xx_hal_i2c.o(i.I2C_Flush_TXDR)
    I2C_Flush_TXDR                           0x08004491   Thumb Code    50  stm32f0xx_hal_i2c.o(i.I2C_Flush_TXDR)
    i.I2C_IsAcknowledgeFailed                0x080044c4   Section        0  stm32f0xx_hal_i2c.o(i.I2C_IsAcknowledgeFailed)
    I2C_IsAcknowledgeFailed                  0x080044c5   Thumb Code   144  stm32f0xx_hal_i2c.o(i.I2C_IsAcknowledgeFailed)
    i.I2C_TransferConfig                     0x08004558   Section        0  stm32f0xx_hal_i2c.o(i.I2C_TransferConfig)
    I2C_TransferConfig                       0x08004559   Thumb Code   148  stm32f0xx_hal_i2c.o(i.I2C_TransferConfig)
    i.I2C_WaitOnFlagUntilTimeout             0x08004634   Section        0  stm32f0xx_hal_i2c.o(i.I2C_WaitOnFlagUntilTimeout)
    I2C_WaitOnFlagUntilTimeout               0x08004635   Thumb Code    82  stm32f0xx_hal_i2c.o(i.I2C_WaitOnFlagUntilTimeout)
    i.I2C_WaitOnRXNEFlagUntilTimeout         0x08004688   Section        0  stm32f0xx_hal_i2c.o(i.I2C_WaitOnRXNEFlagUntilTimeout)
    I2C_WaitOnRXNEFlagUntilTimeout           0x08004689   Thumb Code   146  stm32f0xx_hal_i2c.o(i.I2C_WaitOnRXNEFlagUntilTimeout)
    i.I2C_WaitOnSTOPFlagUntilTimeout         0x08004720   Section        0  stm32f0xx_hal_i2c.o(i.I2C_WaitOnSTOPFlagUntilTimeout)
    I2C_WaitOnSTOPFlagUntilTimeout           0x08004721   Thumb Code    90  stm32f0xx_hal_i2c.o(i.I2C_WaitOnSTOPFlagUntilTimeout)
    i.I2C_WaitOnTXISFlagUntilTimeout         0x0800477a   Section        0  stm32f0xx_hal_i2c.o(i.I2C_WaitOnTXISFlagUntilTimeout)
    I2C_WaitOnTXISFlagUntilTimeout           0x0800477b   Thumb Code    96  stm32f0xx_hal_i2c.o(i.I2C_WaitOnTXISFlagUntilTimeout)
    i.ISL1208_read8                          0x080047dc   Section        0  dvr_rtc.o(i.ISL1208_read8)
    i.ISL1208_time                           0x0800480c   Section        0  dvr_rtc.o(i.ISL1208_time)
    i.ISL1208_write8                         0x080048b0   Section        0  dvr_rtc.o(i.ISL1208_write8)
    i.ISL1208time                            0x080048dc   Section        0  dvr_rtc.o(i.ISL1208time)
    i.InitStrBmpBufferRS232                  0x080049e8   Section        0  printer_bmp.o(i.InitStrBmpBufferRS232)
    i.InitstrImpresor                        0x08004a18   Section        0  bsp_printer.o(i.InitstrImpresor)
    i.LimpiarBuferRecepcion                  0x08004ac0   Section        0  main.o(i.LimpiarBuferRecepcion)
    i.MX_ADC_Init                            0x08004af0   Section        0  main.o(i.MX_ADC_Init)
    MX_ADC_Init                              0x08004af1   Thumb Code   166  main.o(i.MX_ADC_Init)
    i.MX_GPIO_Init                           0x08004ba0   Section        0  main.o(i.MX_GPIO_Init)
    MX_GPIO_Init                             0x08004ba1   Thumb Code   230  main.o(i.MX_GPIO_Init)
    i.MX_I2C1_Init                           0x08004ca0   Section        0  main.o(i.MX_I2C1_Init)
    MX_I2C1_Init                             0x08004ca1   Thumb Code    80  main.o(i.MX_I2C1_Init)
    i.MX_TIM14_Init                          0x08004cfc   Section        0  bsp_printer.o(i.MX_TIM14_Init)
    i.MX_USART1_UART_Init                    0x08004de4   Section        0  main.o(i.MX_USART1_UART_Init)
    MX_USART1_UART_Init                      0x08004de5   Thumb Code    66  main.o(i.MX_USART1_UART_Init)
    i.MainPrinterBmpRS232                    0x08004e30   Section        0  printer_bmp.o(i.MainPrinterBmpRS232)
    i.NMI_Handler                            0x08004fb4   Section        0  stm32f0xx_it.o(i.NMI_Handler)
    i.NVIC_SetPriority                       0x08004fb8   Section        0  stm32f0xx_hal_cortex.o(i.NVIC_SetPriority)
    NVIC_SetPriority                         0x08004fb9   Thumb Code   110  stm32f0xx_hal_cortex.o(i.NVIC_SetPriority)
    i.OffAllStrobes                          0x08005030   Section        0  bsp_printer.o(i.OffAllStrobes)
    i.OnStrobe0                              0x08005058   Section        0  bsp_printer.o(i.OnStrobe0)
    i.OnStrobe1                              0x08005078   Section        0  bsp_printer.o(i.OnStrobe1)
    i.OnStrobe2                              0x08005098   Section        0  bsp_printer.o(i.OnStrobe2)
    i.PendSV_Handler                         0x080050b8   Section        0  stm32f0xx_it.o(i.PendSV_Handler)
    i.Print                                  0x080050bc   Section        0  bsp_printer.o(i.Print)
    i.PrintTextLine                          0x080051fc   Section        0  bsp_printer.o(i.PrintTextLine)
    i.RTC_Init                               0x08005480   Section        0  main.o(i.RTC_Init)
    i.ReadSensors                            0x080054fc   Section        0  main.o(i.ReadSensors)
    i.SET_HEADER_LAT                         0x08005504   Section        0  bsp_printer.o(i.SET_HEADER_LAT)
    i.SET_HEADER_STB1                        0x0800551c   Section        0  bsp_printer.o(i.SET_HEADER_STB1)
    i.SET_HEADER_STB2                        0x08005534   Section        0  bsp_printer.o(i.SET_HEADER_STB2)
    i.SET_HEADER_STB3                        0x0800554c   Section        0  bsp_printer.o(i.SET_HEADER_STB3)
    i.SII_ISL1208StatusRegWr                 0x08005564   Section        0  dvr_rtc.o(i.SII_ISL1208StatusRegWr)
    i.SVC_Handler                            0x08005590   Section        0  stm32f0xx_it.o(i.SVC_Handler)
    i.SendAndPrint                           0x08005592   Section        0  main.o(i.SendAndPrint)
    i.SendPrinterInfo                        0x080055ac   Section        0  main.o(i.SendPrinterInfo)
    i.SpeedMotorMonitor                      0x08005930   Section        0  bsp_printer.o(i.SpeedMotorMonitor)
    i.SysTick_Handler                        0x08005a10   Section        0  stm32f0xx_it.o(i.SysTick_Handler)
    i.SystemClock_Config                     0x08005a18   Section        0  main.o(i.SystemClock_Config)
    i.SystemInit                             0x08005acc   Section        0  system_stm32f0xx.o(i.SystemInit)
    i.TIM14_IRQHandler                       0x08005b4c   Section        0  stm32f0xx_it.o(i.TIM14_IRQHandler)
    i.TIM_Base_SetConfig                     0x08005b60   Section        0  stm32f0xx_hal_tim.o(i.TIM_Base_SetConfig)
    i.UART_AdvFeatureConfig                  0x08005c00   Section        0  stm32f0xx_hal_uart.o(i.UART_AdvFeatureConfig)
    i.UART_CheckIdleState                    0x08005e78   Section        0  stm32f0xx_hal_uart.o(i.UART_CheckIdleState)
    i.UART_SetConfig                         0x08005e98   Section        0  stm32f0xx_hal_uart.o(i.UART_SetConfig)
    i.UART_WaitOnFlagUntilTimeout            0x080061d8   Section        0  stm32f0xx_hal_uart.o(i.UART_WaitOnFlagUntilTimeout)
    i.USART1_IRQHandler                      0x08006248   Section        0  stm32f0xx_it.o(i.USART1_IRQHandler)
    i.WritePrintHead                         0x080062ac   Section        0  bsp_printer.o(i.WritePrintHead)
    i.__0sprintf                             0x080062ec   Section        0  printfa.o(i.__0sprintf)
    i.__ARM_clz                              0x08006314   Section        0  depilogue.o(i.__ARM_clz)
    i.__ARM_common_switch8                   0x08006342   Section        0  bsp_printer.o(i.__ARM_common_switch8)
    i.__scatterload_copy                     0x0800635e   Section       14  handlers.o(i.__scatterload_copy)
    i.__scatterload_null                     0x0800636c   Section        2  handlers.o(i.__scatterload_null)
    i.__scatterload_zeroinit                 0x0800636e   Section       14  handlers.o(i.__scatterload_zeroinit)
    i._fp_digits                             0x0800637c   Section        0  printfa.o(i._fp_digits)
    _fp_digits                               0x0800637d   Thumb Code   344  printfa.o(i._fp_digits)
    i._printf_core                           0x080064f0   Section        0  printfa.o(i._printf_core)
    _printf_core                             0x080064f1   Thumb Code  1760  printfa.o(i._printf_core)
    i._printf_post_padding                   0x08006be0   Section        0  printfa.o(i._printf_post_padding)
    _printf_post_padding                     0x08006be1   Thumb Code    32  printfa.o(i._printf_post_padding)
    i._printf_pre_padding                    0x08006c00   Section        0  printfa.o(i._printf_pre_padding)
    _printf_pre_padding                      0x08006c01   Thumb Code    44  printfa.o(i._printf_pre_padding)
    i._sputc                                 0x08006c2c   Section        0  printfa.o(i._sputc)
    _sputc                                   0x08006c2d   Thumb Code    10  printfa.o(i._sputc)
    i.assert_failed                          0x08006c36   Section        0  main.o(i.assert_failed)
    i.bcd2bin                                0x08006c38   Section        0  dvr_rtc.o(i.bcd2bin)
    i.iGet_ADCx_Value                        0x08006c5c   Section        0  main.o(i.iGet_ADCx_Value)
    i.isl1208_enable_oscillator              0x08006ea0   Section        0  main.o(i.isl1208_enable_oscillator)
    isl1208_enable_oscillator                0x08006ea1   Thumb Code    42  main.o(i.isl1208_enable_oscillator)
    i.main                                   0x08006ecc   Section        0  main.o(i.main)
    i.send_printhead_byte                    0x08007034   Section        0  bsp_printer.o(i.send_printhead_byte)
    i.vInterrup_TIM14                        0x08007084   Section        0  bsp_printer.o(i.vInterrup_TIM14)
    i.vSend_String_Usart                     0x08007154   Section        0  main.o(i.vSend_String_Usart)
    .constdata                               0x08007190   Section    44280  bsp_printer.o(.constdata)
    .constdata                               0x08011e88   Section       24  system_stm32f0xx.o(.constdata)
    .conststring                             0x08011ea0   Section       23  main.o(.conststring)
    .data                                    0x20000000   Section       12  main.o(.data)
    .data                                    0x2000000c   Section        5  stm32f0xx_it.o(.data)
    .data                                    0x20000011   Section        1  bsp_printer.o(.data)
    .data                                    0x20000014   Section        4  stm32f0xx_hal.o(.data)
    .data                                    0x20000018   Section        4  system_stm32f0xx.o(.data)
    .bss                                     0x2000001c   Section      840  main.o(.bss)
    .bss                                     0x20000364   Section     2828  bsp_printer.o(.bss)
    .bss                                     0x20000e70   Section       52  dvr_rtc.o(.bss)
    .bss                                     0x20000ea4   Section    10832  printer_bmp.o(.bss)
    STACK                                    0x200038f8   Section     1536  startup_stm32f070xb.o(STACK)

    Global Symbols

    Symbol Name                              Value     Ov Type        Size  Object(Section)

    BuildAttributes$$THM_ISAv3M$S$PE$A:L22$X:L11$S22$IEEE1$IW$USESV6$~STKCKD$USESV7$~SHL$OTIME$ROPI$EBA8$MICROLIB$REQ8$PRES8$EABIv2 0x00000000   Number         0  anon$$obj.o ABSOLUTE
    __ARM_use_no_argv                        0x00000000   Number         0  main.o ABSOLUTE
    _printf_a                                0x00000000   Number         0  stubs.o ABSOLUTE
    _printf_c                                0x00000000   Number         0  stubs.o ABSOLUTE
    _printf_charcount                        0x00000000   Number         0  stubs.o ABSOLUTE
    _printf_d                                0x00000000   Number         0  stubs.o ABSOLUTE
    _printf_e                                0x00000000   Number         0  stubs.o ABSOLUTE
    _printf_f                                0x00000000   Number         0  stubs.o ABSOLUTE
    _printf_flags                            0x00000000   Number         0  stubs.o ABSOLUTE
    _printf_fp_dec                           0x00000000   Number         0  stubs.o ABSOLUTE
    _printf_fp_hex                           0x00000000   Number         0  stubs.o ABSOLUTE
    _printf_g                                0x00000000   Number         0  stubs.o ABSOLUTE
    _printf_i                                0x00000000   Number         0  stubs.o ABSOLUTE
    _printf_int_dec                          0x00000000   Number         0  stubs.o ABSOLUTE
    _printf_l                                0x00000000   Number         0  stubs.o ABSOLUTE
    _printf_lc                               0x00000000   Number         0  stubs.o ABSOLUTE
    _printf_ll                               0x00000000   Number         0  stubs.o ABSOLUTE
    _printf_lld                              0x00000000   Number         0  stubs.o ABSOLUTE
    _printf_lli                              0x00000000   Number         0  stubs.o ABSOLUTE
    _printf_llo                              0x00000000   Number         0  stubs.o ABSOLUTE
    _printf_llu                              0x00000000   Number         0  stubs.o ABSOLUTE
    _printf_llx                              0x00000000   Number         0  stubs.o ABSOLUTE
    _printf_longlong_dec                     0x00000000   Number         0  stubs.o ABSOLUTE
    _printf_longlong_hex                     0x00000000   Number         0  stubs.o ABSOLUTE
    _printf_longlong_oct                     0x00000000   Number         0  stubs.o ABSOLUTE
    _printf_ls                               0x00000000   Number         0  stubs.o ABSOLUTE
    _printf_mbtowc                           0x00000000   Number         0  stubs.o ABSOLUTE
    _printf_n                                0x00000000   Number         0  stubs.o ABSOLUTE
    _printf_o                                0x00000000   Number         0  stubs.o ABSOLUTE
    _printf_p                                0x00000000   Number         0  stubs.o ABSOLUTE
    _printf_percent                          0x00000000   Number         0  stubs.o ABSOLUTE
    _printf_pre_padding                      0x00000000   Number         0  stubs.o ABSOLUTE
    _printf_return_value                     0x00000000   Number         0  stubs.o ABSOLUTE
    _printf_s                                0x00000000   Number         0  stubs.o ABSOLUTE
    _printf_sizespec                         0x00000000   Number         0  stubs.o ABSOLUTE
    _printf_str                              0x00000000   Number         0  stubs.o ABSOLUTE
    _printf_truncate_signed                  0x00000000   Number         0  stubs.o ABSOLUTE
    _printf_truncate_unsigned                0x00000000   Number         0  stubs.o ABSOLUTE
    _printf_u                                0x00000000   Number         0  stubs.o ABSOLUTE
    _printf_wc                               0x00000000   Number         0  stubs.o ABSOLUTE
    _printf_wctomb                           0x00000000   Number         0  stubs.o ABSOLUTE
    _printf_widthprec                        0x00000000   Number         0  stubs.o ABSOLUTE
    _printf_x                                0x00000000   Number         0  stubs.o ABSOLUTE
    __arm_fini_                               - Undefined Weak Reference
    __cpp_initialize__aeabi_                  - Undefined Weak Reference
    __cxa_finalize                            - Undefined Weak Reference
    __decompress                              - Undefined Weak Reference
    _clock_init                               - Undefined Weak Reference
    _microlib_exit                            - Undefined Weak Reference
    __Vectors_Size                           0x000000c0   Number         0  startup_stm32f070xb.o ABSOLUTE
    __Vectors                                0x08000000   Data           4  startup_stm32f070xb.o(RESET)
    __Vectors_End                            0x080000c0   Data           0  startup_stm32f070xb.o(RESET)
    __main                                   0x080000c1   Thumb Code     0  entry.o(.ARM.Collect$$$$00000000)
    _main_stk                                0x080000c1   Thumb Code     0  entry2.o(.ARM.Collect$$$$00000001)
    _main_scatterload                        0x080000c5   Thumb Code     0  entry5.o(.ARM.Collect$$$$00000004)
    __main_after_scatterload                 0x080000c9   Thumb Code     0  entry5.o(.ARM.Collect$$$$00000004)
    _main_clock                              0x080000c9   Thumb Code     0  entry7b.o(.ARM.Collect$$$$00000008)
    _main_cpp_init                           0x080000c9   Thumb Code     0  entry8b.o(.ARM.Collect$$$$0000000A)
    _main_init                               0x080000c9   Thumb Code     0  entry9a.o(.ARM.Collect$$$$0000000B)
    __rt_lib_shutdown_fini                   0x080000d1   Thumb Code     0  entry12b.o(.ARM.Collect$$$$0000000E)
    __rt_final_cpp                           0x080000d5   Thumb Code     0  entry10a.o(.ARM.Collect$$$$0000000F)
    __rt_final_exit                          0x080000d5   Thumb Code     0  entry11a.o(.ARM.Collect$$$$00000011)
    Reset_Handler                            0x080000d9   Thumb Code     8  startup_stm32f070xb.o(.text)
    ADC1_IRQHandler                          0x080000eb   Thumb Code     0  startup_stm32f070xb.o(.text)
    DMA1_Channel1_IRQHandler                 0x080000eb   Thumb Code     0  startup_stm32f070xb.o(.text)
    DMA1_Channel2_3_IRQHandler               0x080000eb   Thumb Code     0  startup_stm32f070xb.o(.text)
    DMA1_Channel4_5_IRQHandler               0x080000eb   Thumb Code     0  startup_stm32f070xb.o(.text)
    EXTI0_1_IRQHandler                       0x080000eb   Thumb Code     0  startup_stm32f070xb.o(.text)
    EXTI2_3_IRQHandler                       0x080000eb   Thumb Code     0  startup_stm32f070xb.o(.text)
    EXTI4_15_IRQHandler                      0x080000eb   Thumb Code     0  startup_stm32f070xb.o(.text)
    FLASH_IRQHandler                         0x080000eb   Thumb Code     0  startup_stm32f070xb.o(.text)
    I2C1_IRQHandler                          0x080000eb   Thumb Code     0  startup_stm32f070xb.o(.text)
    I2C2_IRQHandler                          0x080000eb   Thumb Code     0  startup_stm32f070xb.o(.text)
    RCC_IRQHandler                           0x080000eb   Thumb Code     0  startup_stm32f070xb.o(.text)
    RTC_IRQHandler                           0x080000eb   Thumb Code     0  startup_stm32f070xb.o(.text)
    SPI1_IRQHandler                          0x080000eb   Thumb Code     0  startup_stm32f070xb.o(.text)
    SPI2_IRQHandler                          0x080000eb   Thumb Code     0  startup_stm32f070xb.o(.text)
    TIM15_IRQHandler                         0x080000eb   Thumb Code     0  startup_stm32f070xb.o(.text)
    TIM16_IRQHandler                         0x080000eb   Thumb Code     0  startup_stm32f070xb.o(.text)
    TIM17_IRQHandler                         0x080000eb   Thumb Code     0  startup_stm32f070xb.o(.text)
    TIM1_BRK_UP_TRG_COM_IRQHandler           0x080000eb   Thumb Code     0  startup_stm32f070xb.o(.text)
    TIM1_CC_IRQHandler                       0x080000eb   Thumb Code     0  startup_stm32f070xb.o(.text)
    TIM3_IRQHandler                          0x080000eb   Thumb Code     0  startup_stm32f070xb.o(.text)
    TIM6_IRQHandler                          0x080000eb   Thumb Code     0  startup_stm32f070xb.o(.text)
    TIM7_IRQHandler                          0x080000eb   Thumb Code     0  startup_stm32f070xb.o(.text)
    USART2_IRQHandler                        0x080000eb   Thumb Code     0  startup_stm32f070xb.o(.text)
    USART3_4_IRQHandler                      0x080000eb   Thumb Code     0  startup_stm32f070xb.o(.text)
    USB_IRQHandler                           0x080000eb   Thumb Code     0  startup_stm32f070xb.o(.text)
    WWDG_IRQHandler                          0x080000eb   Thumb Code     0  startup_stm32f070xb.o(.text)
    __aeabi_uidiv                            0x080000f5   Thumb Code     0  uidiv.o(.text)
    __aeabi_uidivmod                         0x080000f5   Thumb Code    44  uidiv.o(.text)
    __aeabi_idiv                             0x08000121   Thumb Code     0  idiv.o(.text)
    __aeabi_idivmod                          0x08000121   Thumb Code    40  idiv.o(.text)
    __aeabi_llsr                             0x08000149   Thumb Code    34  llushr.o(.text)
    _ll_ushift_r                             0x08000149   Thumb Code     0  llushr.o(.text)
    __aeabi_memcpy                           0x0800016b   Thumb Code    36  memcpya.o(.text)
    __aeabi_memcpy4                          0x0800016b   Thumb Code     0  memcpya.o(.text)
    __aeabi_memcpy8                          0x0800016b   Thumb Code     0  memcpya.o(.text)
    __aeabi_memset                           0x0800018f   Thumb Code    14  memseta.o(.text)
    __aeabi_memset4                          0x0800018f   Thumb Code     0  memseta.o(.text)
    __aeabi_memset8                          0x0800018f   Thumb Code     0  memseta.o(.text)
    __aeabi_memclr                           0x0800019d   Thumb Code     4  memseta.o(.text)
    __aeabi_memclr4                          0x0800019d   Thumb Code     0  memseta.o(.text)
    __aeabi_memclr8                          0x0800019d   Thumb Code     0  memseta.o(.text)
    _memset$wrapper                          0x080001a1   Thumb Code    18  memseta.o(.text)
    strcmp                                   0x080001b3   Thumb Code    28  strcmp.o(.text)
    strcpy                                   0x080001cf   Thumb Code    18  strcpy.o(.text)
    __aeabi_fadd                             0x080001e1   Thumb Code   162  fadd.o(.text)
    __aeabi_fsub                             0x08000283   Thumb Code     8  fadd.o(.text)
    __aeabi_frsub                            0x0800028b   Thumb Code     8  fadd.o(.text)
    __aeabi_dadd                             0x08000295   Thumb Code   330  dadd.o(.text)
    __aeabi_dsub                             0x080003df   Thumb Code    12  dadd.o(.text)
    __aeabi_drsub                            0x080003eb   Thumb Code    12  dadd.o(.text)
    __aeabi_dmul                             0x080003fd   Thumb Code   202  dmul.o(.text)
    __aeabi_ddiv                             0x080004cd   Thumb Code   234  ddiv.o(.text)
    __aeabi_i2d                              0x080005bd   Thumb Code    34  dflti.o(.text)
    __aeabi_ui2d                             0x080005e5   Thumb Code    24  dfltui.o(.text)
    __aeabi_f2iz                             0x08000601   Thumb Code    50  ffixi.o(.text)
    __aeabi_d2uiz                            0x08000635   Thumb Code    50  dfixui.o(.text)
    __aeabi_f2d                              0x08000671   Thumb Code    40  f2d.o(.text)
    __aeabi_cdcmpeq                          0x08000699   Thumb Code     0  cdcmple.o(.text)
    __aeabi_cdcmple                          0x08000699   Thumb Code    38  cdcmple.o(.text)
    __aeabi_cdrcmple                         0x080006c1   Thumb Code    38  cdrcmple.o(.text)
    __aeabi_d2f                              0x080006e9   Thumb Code    56  d2f.o(.text)
    __aeabi_cfcmpeq                          0x08000721   Thumb Code     0  cfcmple.o(.text)
    __aeabi_cfcmple                          0x08000721   Thumb Code    20  cfcmple.o(.text)
    __aeabi_uldivmod                         0x08000735   Thumb Code    96  uldiv.o(.text)
    __aeabi_llsl                             0x08000795   Thumb Code    32  llshl.o(.text)
    _ll_shift_l                              0x08000795   Thumb Code     0  llshl.o(.text)
    __aeabi_lasr                             0x080007b5   Thumb Code    38  llsshr.o(.text)
    _ll_sshift_r                             0x080007b5   Thumb Code     0  llsshr.o(.text)
    __I$use$fp                               0x080007db   Thumb Code     0  iusefp.o(.text)
    _float_round                             0x080007db   Thumb Code    16  fepilogue.o(.text)
    _float_epilogue                          0x080007eb   Thumb Code   114  fepilogue.o(.text)
    _double_round                            0x0800085d   Thumb Code    26  depilogue.o(.text)
    _double_epilogue                         0x08000877   Thumb Code   164  depilogue.o(.text)
    __aeabi_d2ulz                            0x0800091d   Thumb Code    54  dfixul.o(.text)
    __scatterload                            0x0800095d   Thumb Code    28  init.o(.text)
    __scatterload_rt2                        0x0800095d   Thumb Code     0  init.o(.text)
    BSP_Printer_FillZEROsFirstLine           0x08000a55   Thumb Code    62  bsp_printer.o(i.BSP_Printer_FillZEROsFirstLine)
    ClearBufferToPrint                       0x08000a95   Thumb Code    22  bsp_printer.o(i.ClearBufferToPrint)
    DecToBCD2                                0x08000ab1   Thumb Code    28  dvr_rtc.o(i.DecToBCD2)
    Demo0                                    0x08000acd   Thumb Code   422  bsp_printer.o(i.Demo0)
    EjectCMD                                 0x08000cd5   Thumb Code  1182  bsp_printer.o(i.EjectCMD)
    Error_Handler                            0x08001173   Thumb Code     4  main.o(i.Error_Handler)
    GetCommand                               0x08001179   Thumb Code   532  bsp_printer.o(i.GetCommand)
    GetFontParam                             0x0800142d   Thumb Code    98  bsp_printer.o(i.GetFontParam)
    HAL_ADC_ConfigChannel                    0x08001499   Thumb Code   600  stm32f0xx_hal_adc.o(i.HAL_ADC_ConfigChannel)
    HAL_ADC_GetValue                         0x08001741   Thumb Code    28  stm32f0xx_hal_adc.o(i.HAL_ADC_GetValue)
    HAL_ADC_Init                             0x0800179d   Thumb Code   844  stm32f0xx_hal_adc.o(i.HAL_ADC_Init)
    HAL_ADC_MspInit                          0x08001b2d   Thumb Code   154  stm32f0xx_hal_msp.o(i.HAL_ADC_MspInit)
    HAL_ADC_Start                            0x08001bd5   Thumb Code   132  stm32f0xx_hal_adc.o(i.HAL_ADC_Start)
    HAL_Delay                                0x08001c9d   Thumb Code    32  stm32f0xx_hal.o(i.HAL_Delay)
    HAL_GPIO_DeInit                          0x08001cbd   Thumb Code   330  stm32f0xx_hal_gpio.o(i.HAL_GPIO_DeInit)
    HAL_GPIO_Init                            0x08001e5d   Thumb Code   754  stm32f0xx_hal_gpio.o(i.HAL_GPIO_Init)
    HAL_GPIO_ReadPin                         0x080021c1   Thumb Code    50  stm32f0xx_hal_gpio.o(i.HAL_GPIO_ReadPin)
    HAL_GPIO_TogglePin                       0x08002231   Thumb Code    40  stm32f0xx_hal_gpio.o(i.HAL_GPIO_TogglePin)
    HAL_GPIO_WritePin                        0x08002295   Thumb Code    66  stm32f0xx_hal_gpio.o(i.HAL_GPIO_WritePin)
    HAL_GetTick                              0x08002315   Thumb Code     6  stm32f0xx_hal.o(i.HAL_GetTick)
    HAL_I2CEx_ConfigAnalogFilter             0x08002321   Thumb Code   162  stm32f0xx_hal_i2c_ex.o(i.HAL_I2CEx_ConfigAnalogFilter)
    HAL_I2CEx_ConfigDigitalFilter            0x08002409   Thumb Code   154  stm32f0xx_hal_i2c_ex.o(i.HAL_I2CEx_ConfigDigitalFilter)
    HAL_I2C_Init                             0x080024e9   Thumb Code   442  stm32f0xx_hal_i2c.o(i.HAL_I2C_Init)
    HAL_I2C_Master_Receive                   0x080026ed   Thumb Code   380  stm32f0xx_hal_i2c.o(i.HAL_I2C_Master_Receive)
    HAL_I2C_Master_Transmit                  0x0800286d   Thumb Code   376  stm32f0xx_hal_i2c.o(i.HAL_I2C_Master_Transmit)
    HAL_I2C_MspInit                          0x080029e9   Thumb Code   118  stm32f0xx_hal_msp.o(i.HAL_I2C_MspInit)
    HAL_IncTick                              0x08002a6d   Thumb Code    12  stm32f0xx_hal.o(i.HAL_IncTick)
    HAL_Init                                 0x08002a7d   Thumb Code    28  stm32f0xx_hal.o(i.HAL_Init)
    HAL_InitTick                             0x08002a9d   Thumb Code    38  stm32f0xx_hal.o(i.HAL_InitTick)
    HAL_MspInit                              0x08002ac5   Thumb Code    60  stm32f0xx_hal_msp.o(i.HAL_MspInit)
    HAL_NVIC_DisableIRQ                      0x08002b05   Thumb Code    36  stm32f0xx_hal_cortex.o(i.HAL_NVIC_DisableIRQ)
    HAL_NVIC_EnableIRQ                       0x08002b69   Thumb Code    36  stm32f0xx_hal_cortex.o(i.HAL_NVIC_EnableIRQ)
    HAL_NVIC_SetPriority                     0x08002bcd   Thumb Code    32  stm32f0xx_hal_cortex.o(i.HAL_NVIC_SetPriority)
    HAL_RCCEx_PeriphCLKConfig                0x08002c29   Thumb Code   492  stm32f0xx_hal_rcc_ex.o(i.HAL_RCCEx_PeriphCLKConfig)
    HAL_RCC_ClockConfig                      0x08002e61   Thumb Code   610  stm32f0xx_hal_rcc.o(i.HAL_RCC_ClockConfig)
    HAL_RCC_GetHCLKFreq                      0x08003115   Thumb Code     6  stm32f0xx_hal_rcc.o(i.HAL_RCC_GetHCLKFreq)
    HAL_RCC_GetPCLK1Freq                     0x08003121   Thumb Code    26  stm32f0xx_hal_rcc.o(i.HAL_RCC_GetPCLK1Freq)
    HAL_RCC_GetSysClockFreq                  0x08003145   Thumb Code   156  stm32f0xx_hal_rcc.o(i.HAL_RCC_GetSysClockFreq)
    HAL_RCC_OscConfig                        0x0800320d   Thumb Code  2002  stm32f0xx_hal_rcc.o(i.HAL_RCC_OscConfig)
    HAL_SYSTICK_CLKSourceConfig              0x080039f1   Thumb Code    56  stm32f0xx_hal_cortex.o(i.HAL_SYSTICK_CLKSourceConfig)
    HAL_SYSTICK_Config                       0x08003a69   Thumb Code    46  stm32f0xx_hal_cortex.o(i.HAL_SYSTICK_Config)
    HAL_TIMEx_BreakCallback                  0x08003aa1   Thumb Code     2  stm32f0xx_hal_tim_ex.o(i.HAL_TIMEx_BreakCallback)
    HAL_TIMEx_CommutationCallback            0x08003aa3   Thumb Code     2  stm32f0xx_hal_tim_ex.o(i.HAL_TIMEx_CommutationCallback)
    HAL_TIM_Base_Init                        0x08003aa5   Thumb Code   226  stm32f0xx_hal_tim.o(i.HAL_TIM_Base_Init)
    HAL_TIM_Base_MspInit                     0x08003be1   Thumb Code    58  stm32f0xx_hal_msp.o(i.HAL_TIM_Base_MspInit)
    HAL_TIM_Base_Start_IT                    0x08003c25   Thumb Code   108  stm32f0xx_hal_tim.o(i.HAL_TIM_Base_Start_IT)
    HAL_TIM_Base_Stop_IT                     0x08003ce9   Thumb Code   136  stm32f0xx_hal_tim.o(i.HAL_TIM_Base_Stop_IT)
    HAL_TIM_IC_CaptureCallback               0x08003dcd   Thumb Code     2  stm32f0xx_hal_tim.o(i.HAL_TIM_IC_CaptureCallback)
    HAL_TIM_IRQHandler                       0x08003dcf   Thumb Code   456  stm32f0xx_hal_tim.o(i.HAL_TIM_IRQHandler)
    HAL_TIM_OC_DelayElapsedCallback          0x08003f97   Thumb Code     2  stm32f0xx_hal_tim.o(i.HAL_TIM_OC_DelayElapsedCallback)
    HAL_TIM_PWM_PulseFinishedCallback        0x08003f99   Thumb Code     2  stm32f0xx_hal_tim.o(i.HAL_TIM_PWM_PulseFinishedCallback)
    HAL_TIM_PeriodElapsedCallback            0x08003f9b   Thumb Code     2  stm32f0xx_hal_tim.o(i.HAL_TIM_PeriodElapsedCallback)
    HAL_TIM_TriggerCallback                  0x08003f9d   Thumb Code     2  stm32f0xx_hal_tim.o(i.HAL_TIM_TriggerCallback)
    HAL_UART_DeInit                          0x08003fa1   Thumb Code   120  stm32f0xx_hal_uart.o(i.HAL_UART_DeInit)
    HAL_UART_Init                            0x08004065   Thumb Code   216  stm32f0xx_hal_uart.o(i.HAL_UART_Init)
    HAL_UART_MspDeInit                       0x08004189   Thumb Code    46  stm32f0xx_hal_msp.o(i.HAL_UART_MspDeInit)
    HAL_UART_MspInit                         0x080041c1   Thumb Code   136  stm32f0xx_hal_msp.o(i.HAL_UART_MspInit)
    HAL_UART_Receive                         0x08004251   Thumb Code   328  stm32f0xx_hal_uart.o(i.HAL_UART_Receive)
    HAL_UART_Transmit                        0x0800439d   Thumb Code   240  stm32f0xx_hal_uart.o(i.HAL_UART_Transmit)
    HardFault_Handler                        0x0800448d   Thumb Code     4  stm32f0xx_it.o(i.HardFault_Handler)
    ISL1208_read8                            0x080047dd   Thumb Code    42  dvr_rtc.o(i.ISL1208_read8)
    ISL1208_time                             0x0800480d   Thumb Code   162  dvr_rtc.o(i.ISL1208_time)
    ISL1208_write8                           0x080048b1   Thumb Code    38  dvr_rtc.o(i.ISL1208_write8)
    ISL1208time                              0x080048dd   Thumb Code   260  dvr_rtc.o(i.ISL1208time)
    InitStrBmpBufferRS232                    0x080049e9   Thumb Code    40  printer_bmp.o(i.InitStrBmpBufferRS232)
    InitstrImpresor                          0x08004a19   Thumb Code   152  bsp_printer.o(i.InitstrImpresor)
    LimpiarBuferRecepcion                    0x08004ac1   Thumb Code    34  main.o(i.LimpiarBuferRecepcion)
    MX_TIM14_Init                            0x08004cfd   Thumb Code   200  bsp_printer.o(i.MX_TIM14_Init)
    MainPrinterBmpRS232                      0x08004e31   Thumb Code   362  printer_bmp.o(i.MainPrinterBmpRS232)
    NMI_Handler                              0x08004fb5   Thumb Code     2  stm32f0xx_it.o(i.NMI_Handler)
    OffAllStrobes                            0x08005031   Thumb Code    34  bsp_printer.o(i.OffAllStrobes)
    OnStrobe0                                0x08005059   Thumb Code    26  bsp_printer.o(i.OnStrobe0)
    OnStrobe1                                0x08005079   Thumb Code    26  bsp_printer.o(i.OnStrobe1)
    OnStrobe2                                0x08005099   Thumb Code    26  bsp_printer.o(i.OnStrobe2)
    PendSV_Handler                           0x080050b9   Thumb Code     2  stm32f0xx_it.o(i.PendSV_Handler)
    Print                                    0x080050bd   Thumb Code   292  bsp_printer.o(i.Print)
    PrintTextLine                            0x080051fd   Thumb Code   606  bsp_printer.o(i.PrintTextLine)
    RTC_Init                                 0x08005481   Thumb Code   116  main.o(i.RTC_Init)
    ReadSensors                              0x080054fd   Thumb Code     8  main.o(i.ReadSensors)
    SET_HEADER_LAT                           0x08005505   Thumb Code    18  bsp_printer.o(i.SET_HEADER_LAT)
    SET_HEADER_STB1                          0x0800551d   Thumb Code    18  bsp_printer.o(i.SET_HEADER_STB1)
    SET_HEADER_STB2                          0x08005535   Thumb Code    18  bsp_printer.o(i.SET_HEADER_STB2)
    SET_HEADER_STB3                          0x0800554d   Thumb Code    18  bsp_printer.o(i.SET_HEADER_STB3)
    SII_ISL1208StatusRegWr                   0x08005565   Thumb Code    44  dvr_rtc.o(i.SII_ISL1208StatusRegWr)
    SVC_Handler                              0x08005591   Thumb Code     2  stm32f0xx_it.o(i.SVC_Handler)
    SendAndPrint                             0x08005593   Thumb Code    26  main.o(i.SendAndPrint)
    SendPrinterInfo                          0x080055ad   Thumb Code   576  main.o(i.SendPrinterInfo)
    SpeedMotorMonitor                        0x08005931   Thumb Code   202  bsp_printer.o(i.SpeedMotorMonitor)
    SysTick_Handler                          0x08005a11   Thumb Code     8  stm32f0xx_it.o(i.SysTick_Handler)
    SystemClock_Config                       0x08005a19   Thumb Code   174  main.o(i.SystemClock_Config)
    SystemInit                               0x08005acd   Thumb Code   116  system_stm32f0xx.o(i.SystemInit)
    TIM14_IRQHandler                         0x08005b4d   Thumb Code    14  stm32f0xx_it.o(i.TIM14_IRQHandler)
    TIM_Base_SetConfig                       0x08005b61   Thumb Code   136  stm32f0xx_hal_tim.o(i.TIM_Base_SetConfig)
    UART_AdvFeatureConfig                    0x08005c01   Thumb Code   558  stm32f0xx_hal_uart.o(i.UART_AdvFeatureConfig)
    UART_CheckIdleState                      0x08005e79   Thumb Code    30  stm32f0xx_hal_uart.o(i.UART_CheckIdleState)
    UART_SetConfig                           0x08005e99   Thumb Code   728  stm32f0xx_hal_uart.o(i.UART_SetConfig)
    UART_WaitOnFlagUntilTimeout              0x080061d9   Thumb Code   112  stm32f0xx_hal_uart.o(i.UART_WaitOnFlagUntilTimeout)
    USART1_IRQHandler                        0x08006249   Thumb Code    86  stm32f0xx_it.o(i.USART1_IRQHandler)
    WritePrintHead                           0x080062ad   Thumb Code    54  bsp_printer.o(i.WritePrintHead)
    __0sprintf                               0x080062ed   Thumb Code    36  printfa.o(i.__0sprintf)
    __1sprintf                               0x080062ed   Thumb Code     0  printfa.o(i.__0sprintf)
    __2sprintf                               0x080062ed   Thumb Code     0  printfa.o(i.__0sprintf)
    __c89sprintf                             0x080062ed   Thumb Code     0  printfa.o(i.__0sprintf)
    sprintf                                  0x080062ed   Thumb Code     0  printfa.o(i.__0sprintf)
    __ARM_clz                                0x08006315   Thumb Code    46  depilogue.o(i.__ARM_clz)
    __ARM_common_switch8                     0x08006343   Thumb Code    28  bsp_printer.o(i.__ARM_common_switch8)
    __scatterload_copy                       0x0800635f   Thumb Code    14  handlers.o(i.__scatterload_copy)
    __scatterload_null                       0x0800636d   Thumb Code     2  handlers.o(i.__scatterload_null)
    __scatterload_zeroinit                   0x0800636f   Thumb Code    14  handlers.o(i.__scatterload_zeroinit)
    assert_failed                            0x08006c37   Thumb Code     2  main.o(i.assert_failed)
    bcd2bin                                  0x08006c39   Thumb Code    34  dvr_rtc.o(i.bcd2bin)
    iGet_ADCx_Value                          0x08006c5d   Thumb Code   532  main.o(i.iGet_ADCx_Value)
    main                                     0x08006ecd   Thumb Code   306  main.o(i.main)
    send_printhead_byte                      0x08007035   Thumb Code    66  bsp_printer.o(i.send_printhead_byte)
    vInterrup_TIM14                          0x08007085   Thumb Code   198  bsp_printer.o(i.vInterrup_TIM14)
    vSend_String_Usart                       0x08007155   Thumb Code    52  main.o(i.vSend_String_Usart)
    f8x16                                    0x08007190   Data        2160  bsp_printer.o(.constdata)
    f16x16                                   0x08007a00   Data        4320  bsp_printer.o(.constdata)
    f16x24                                   0x08008ae0   Data        6480  bsp_printer.o(.constdata)
    f16x32                                   0x0800a430   Data        8640  bsp_printer.o(.constdata)
    f24x24                                   0x0800c5f0   Data        9720  bsp_printer.o(.constdata)
    f24x32                                   0x0800ebe8   Data       12960  bsp_printer.o(.constdata)
    AHBPrescTable                            0x08011e88   Data          16  system_stm32f0xx.o(.constdata)
    APBPrescTable                            0x08011e98   Data           8  system_stm32f0xx.o(.constdata)
    Region$$Table$$Base                      0x08011eb8   Number         0  anon$$obj.o(Region$$Table)
    Region$$Table$$Limit                     0x08011ed8   Number         0  anon$$obj.o(Region$$Table)
    FirmwareVersion                          0x20000000   Data           4  main.o(.data)
    UartReady                                0x20000004   Data           1  main.o(.data)
    UserButtonStatus                         0x20000008   Data           4  main.o(.data)
    CountDataSerial                          0x2000000c   Data           4  stm32f0xx_it.o(.data)
    FlagSerial0                              0x20000010   Data           1  stm32f0xx_it.o(.data)
    Flag0                                    0x20000011   Data           1  bsp_printer.o(.data)
    uwTick                                   0x20000014   Data           4  stm32f0xx_hal.o(.data)
    SystemCoreClock                          0x20000018   Data           4  system_stm32f0xx.o(.data)
    hadc                                     0x2000001c   Data          76  main.o(.bss)
    hi2c1                                    0x20000068   Data          76  main.o(.bss)
    htim14                                   0x200000b4   Data          64  main.o(.bss)
    UartHandle                               0x200000f4   Data         112  main.o(.bss)
    aRxBuffer                                0x20000164   Data         512  main.o(.bss)
    BuferToPrint                             0x20000364   Data         512  bsp_printer.o(.bss)
    BuferTemp                                0x20000564   Data         512  bsp_printer.o(.bss)
    Impresor                                 0x20000764   Data        1804  bsp_printer.o(.bss)
    SII_Buffer                               0x20000e70   Data          16  dvr_rtc.o(.bss)
    Rtc                                      0x20000e80   Data          36  dvr_rtc.o(.bss)
    BmpBufferRS232                           0x20000ea4   Data       10832  printer_bmp.o(.bss)
    __initial_sp                             0x20003ef8   Data           0  startup_stm32f070xb.o(STACK)



==============================================================================

Memory Map of the image

  Image Entry point : 0x080000c1

  Load Region LR_IROM1 (Base: 0x08000000, Size: 0x00011ef4, Max: 0x00020000, ABSOLUTE)

    Execution Region ER_IROM1 (Exec base: 0x08000000, Load base: 0x08000000, Size: 0x00011ed8, Max: 0x00020000, ABSOLUTE)

    Exec Addr    Load Addr    Size         Type   Attr      Idx    E Section Name        Object

    0x08000000   0x08000000   0x000000c0   Data   RO            3    RESET               startup_stm32f070xb.o
    0x080000c0   0x080000c0   0x00000000   Code   RO         3532  * .ARM.Collect$$$$00000000  mc_p.l(entry.o)
    0x080000c0   0x080000c0   0x00000004   Code   RO         3838    .ARM.Collect$$$$00000001  mc_p.l(entry2.o)
    0x080000c4   0x080000c4   0x00000004   Code   RO         3841    .ARM.Collect$$$$00000004  mc_p.l(entry5.o)
    0x080000c8   0x080000c8   0x00000000   Code   RO         3843    .ARM.Collect$$$$00000008  mc_p.l(entry7b.o)
    0x080000c8   0x080000c8   0x00000000   Code   RO         3845    .ARM.Collect$$$$0000000A  mc_p.l(entry8b.o)
    0x080000c8   0x080000c8   0x00000008   Code   RO         3846    .ARM.Collect$$$$0000000B  mc_p.l(entry9a.o)
    0x080000d0   0x080000d0   0x00000004   Code   RO         3853    .ARM.Collect$$$$0000000E  mc_p.l(entry12b.o)
    0x080000d4   0x080000d4   0x00000000   Code   RO         3848    .ARM.Collect$$$$0000000F  mc_p.l(entry10a.o)
    0x080000d4   0x080000d4   0x00000000   Code   RO         3850    .ARM.Collect$$$$00000011  mc_p.l(entry11a.o)
    0x080000d4   0x080000d4   0x00000004   Code   RO         3839    .ARM.Collect$$$$00002712  mc_p.l(entry2.o)
    0x080000d8   0x080000d8   0x0000001c   Code   RO            4    .text               startup_stm32f070xb.o
    0x080000f4   0x080000f4   0x0000002c   Code   RO         3535    .text               mc_p.l(uidiv.o)
    0x08000120   0x08000120   0x00000028   Code   RO         3537    .text               mc_p.l(idiv.o)
    0x08000148   0x08000148   0x00000022   Code   RO         3539    .text               mc_p.l(llushr.o)
    0x0800016a   0x0800016a   0x00000024   Code   RO         3541    .text               mc_p.l(memcpya.o)
    0x0800018e   0x0800018e   0x00000024   Code   RO         3543    .text               mc_p.l(memseta.o)
    0x080001b2   0x080001b2   0x0000001c   Code   RO         3545    .text               mc_p.l(strcmp.o)
    0x080001ce   0x080001ce   0x00000012   Code   RO         3547    .text               mc_p.l(strcpy.o)
    0x080001e0   0x080001e0   0x000000b2   Code   RO         3812    .text               mf_p.l(fadd.o)
    0x08000292   0x08000292   0x00000002   PAD
    0x08000294   0x08000294   0x00000168   Code   RO         3814    .text               mf_p.l(dadd.o)
    0x080003fc   0x080003fc   0x000000d0   Code   RO         3816    .text               mf_p.l(dmul.o)
    0x080004cc   0x080004cc   0x000000f0   Code   RO         3818    .text               mf_p.l(ddiv.o)
    0x080005bc   0x080005bc   0x00000028   Code   RO         3820    .text               mf_p.l(dflti.o)
    0x080005e4   0x080005e4   0x0000001c   Code   RO         3822    .text               mf_p.l(dfltui.o)
    0x08000600   0x08000600   0x00000032   Code   RO         3824    .text               mf_p.l(ffixi.o)
    0x08000632   0x08000632   0x00000002   PAD
    0x08000634   0x08000634   0x0000003c   Code   RO         3826    .text               mf_p.l(dfixui.o)
    0x08000670   0x08000670   0x00000028   Code   RO         3828    .text               mf_p.l(f2d.o)
    0x08000698   0x08000698   0x00000028   Code   RO         3830    .text               mf_p.l(cdcmple.o)
    0x080006c0   0x080006c0   0x00000028   Code   RO         3832    .text               mf_p.l(cdrcmple.o)
    0x080006e8   0x080006e8   0x00000038   Code   RO         3834    .text               mf_p.l(d2f.o)
    0x08000720   0x08000720   0x00000014   Code   RO         3836    .text               mf_p.l(cfcmple.o)
    0x08000734   0x08000734   0x00000060   Code   RO         3857    .text               mc_p.l(uldiv.o)
    0x08000794   0x08000794   0x00000020   Code   RO         3859    .text               mc_p.l(llshl.o)
    0x080007b4   0x080007b4   0x00000026   Code   RO         3861    .text               mc_p.l(llsshr.o)
    0x080007da   0x080007da   0x00000000   Code   RO         3863    .text               mc_p.l(iusefp.o)
    0x080007da   0x080007da   0x00000082   Code   RO         3864    .text               mf_p.l(fepilogue.o)
    0x0800085c   0x0800085c   0x000000be   Code   RO         3866    .text               mf_p.l(depilogue.o)
    0x0800091a   0x0800091a   0x00000002   PAD
    0x0800091c   0x0800091c   0x00000040   Code   RO         3870    .text               mf_p.l(dfixul.o)
    0x0800095c   0x0800095c   0x00000024   Code   RO         3872    .text               mc_p.l(init.o)
    0x08000980   0x08000980   0x000000d4   Code   RO          785    i.ADC_Enable        stm32f0xx_hal_adc.o
    0x08000a54   0x08000a54   0x0000003e   Code   RO          405    i.BSP_Printer_FillZEROsFirstLine  bsp_printer.o
    0x08000a92   0x08000a92   0x00000002   PAD
    0x08000a94   0x08000a94   0x0000001c   Code   RO          406    i.ClearBufferToPrint  bsp_printer.o
    0x08000ab0   0x08000ab0   0x0000001c   Code   RO          601    i.DecToBCD2         dvr_rtc.o
    0x08000acc   0x08000acc   0x00000208   Code   RO          407    i.Demo0             bsp_printer.o
    0x08000cd4   0x08000cd4   0x0000049e   Code   RO          408    i.EjectCMD          bsp_printer.o
    0x08001172   0x08001172   0x00000004   Code   RO           12    i.Error_Handler     main.o
    0x08001176   0x08001176   0x00000002   PAD
    0x08001178   0x08001178   0x000002b4   Code   RO          409    i.GetCommand        bsp_printer.o
    0x0800142c   0x0800142c   0x0000006c   Code   RO          410    i.GetFontParam      bsp_printer.o
    0x08001498   0x08001498   0x000002a8   Code   RO          787    i.HAL_ADC_ConfigChannel  stm32f0xx_hal_adc.o
    0x08001740   0x08001740   0x0000005c   Code   RO          794    i.HAL_ADC_GetValue  stm32f0xx_hal_adc.o
    0x0800179c   0x0800179c   0x00000390   Code   RO          796    i.HAL_ADC_Init      stm32f0xx_hal_adc.o
    0x08001b2c   0x08001b2c   0x000000a8   Code   RO          334    i.HAL_ADC_MspInit   stm32f0xx_hal_msp.o
    0x08001bd4   0x08001bd4   0x000000c8   Code   RO          802    i.HAL_ADC_Start     stm32f0xx_hal_adc.o
    0x08001c9c   0x08001c9c   0x00000020   Code   RO         2816    i.HAL_Delay         stm32f0xx_hal.o
    0x08001cbc   0x08001cbc   0x000001a0   Code   RO         2948    i.HAL_GPIO_DeInit   stm32f0xx_hal_gpio.o
    0x08001e5c   0x08001e5c   0x00000364   Code   RO         2951    i.HAL_GPIO_Init     stm32f0xx_hal_gpio.o
    0x080021c0   0x080021c0   0x00000070   Code   RO         2953    i.HAL_GPIO_ReadPin  stm32f0xx_hal_gpio.o
    0x08002230   0x08002230   0x00000064   Code   RO         2954    i.HAL_GPIO_TogglePin  stm32f0xx_hal_gpio.o
    0x08002294   0x08002294   0x00000080   Code   RO         2955    i.HAL_GPIO_WritePin  stm32f0xx_hal_gpio.o
    0x08002314   0x08002314   0x0000000c   Code   RO         2820    i.HAL_GetTick       stm32f0xx_hal.o
    0x08002320   0x08002320   0x000000e8   Code   RO         1400    i.HAL_I2CEx_ConfigAnalogFilter  stm32f0xx_hal_i2c_ex.o
    0x08002408   0x08002408   0x000000e0   Code   RO         1401    i.HAL_I2CEx_ConfigDigitalFilter  stm32f0xx_hal_i2c_ex.o
    0x080024e8   0x080024e8   0x00000204   Code   RO          987    i.HAL_I2C_Init      stm32f0xx_hal_i2c.o
    0x080026ec   0x080026ec   0x00000180   Code   RO          993    i.HAL_I2C_Master_Receive  stm32f0xx_hal_i2c.o
    0x0800286c   0x0800286c   0x0000017c   Code   RO          998    i.HAL_I2C_Master_Transmit  stm32f0xx_hal_i2c.o
    0x080029e8   0x080029e8   0x00000084   Code   RO          336    i.HAL_I2C_MspInit   stm32f0xx_hal_msp.o
    0x08002a6c   0x08002a6c   0x00000010   Code   RO         2824    i.HAL_IncTick       stm32f0xx_hal.o
    0x08002a7c   0x08002a7c   0x00000020   Code   RO         2825    i.HAL_Init          stm32f0xx_hal.o
    0x08002a9c   0x08002a9c   0x00000026   Code   RO         2826    i.HAL_InitTick      stm32f0xx_hal.o
    0x08002ac2   0x08002ac2   0x00000002   PAD
    0x08002ac4   0x08002ac4   0x00000040   Code   RO          337    i.HAL_MspInit       stm32f0xx_hal_msp.o
    0x08002b04   0x08002b04   0x00000064   Code   RO         3107    i.HAL_NVIC_DisableIRQ  stm32f0xx_hal_cortex.o
    0x08002b68   0x08002b68   0x00000064   Code   RO         3108    i.HAL_NVIC_EnableIRQ  stm32f0xx_hal_cortex.o
    0x08002bcc   0x08002bcc   0x0000005c   Code   RO         3112    i.HAL_NVIC_SetPriority  stm32f0xx_hal_cortex.o
    0x08002c28   0x08002c28   0x00000238   Code   RO         2781    i.HAL_RCCEx_PeriphCLKConfig  stm32f0xx_hal_rcc_ex.o
    0x08002e60   0x08002e60   0x000002b4   Code   RO         2688    i.HAL_RCC_ClockConfig  stm32f0xx_hal_rcc.o
    0x08003114   0x08003114   0x0000000c   Code   RO         2693    i.HAL_RCC_GetHCLKFreq  stm32f0xx_hal_rcc.o
    0x08003120   0x08003120   0x00000024   Code   RO         2695    i.HAL_RCC_GetPCLK1Freq  stm32f0xx_hal_rcc.o
    0x08003144   0x08003144   0x000000c8   Code   RO         2696    i.HAL_RCC_GetSysClockFreq  stm32f0xx_hal_rcc.o
    0x0800320c   0x0800320c   0x000007e4   Code   RO         2699    i.HAL_RCC_OscConfig  stm32f0xx_hal_rcc.o
    0x080039f0   0x080039f0   0x00000078   Code   RO         3114    i.HAL_SYSTICK_CLKSourceConfig  stm32f0xx_hal_cortex.o
    0x08003a68   0x08003a68   0x00000038   Code   RO         3116    i.HAL_SYSTICK_Config  stm32f0xx_hal_cortex.o
    0x08003aa0   0x08003aa0   0x00000002   Code   RO         2088    i.HAL_TIMEx_BreakCallback  stm32f0xx_hal_tim_ex.o
    0x08003aa2   0x08003aa2   0x00000002   Code   RO         2089    i.HAL_TIMEx_CommutationCallback  stm32f0xx_hal_tim_ex.o
    0x08003aa4   0x08003aa4   0x0000013c   Code   RO         1440    i.HAL_TIM_Base_Init  stm32f0xx_hal_tim.o
    0x08003be0   0x08003be0   0x00000044   Code   RO          339    i.HAL_TIM_Base_MspInit  stm32f0xx_hal_msp.o
    0x08003c24   0x08003c24   0x000000c4   Code   RO         1445    i.HAL_TIM_Base_Start_IT  stm32f0xx_hal_tim.o
    0x08003ce8   0x08003ce8   0x000000e4   Code   RO         1448    i.HAL_TIM_Base_Stop_IT  stm32f0xx_hal_tim.o
    0x08003dcc   0x08003dcc   0x00000002   Code   RO         1471    i.HAL_TIM_IC_CaptureCallback  stm32f0xx_hal_tim.o
    0x08003dce   0x08003dce   0x000001c8   Code   RO         1484    i.HAL_TIM_IRQHandler  stm32f0xx_hal_tim.o
    0x08003f96   0x08003f96   0x00000002   Code   RO         1487    i.HAL_TIM_OC_DelayElapsedCallback  stm32f0xx_hal_tim.o
    0x08003f98   0x08003f98   0x00000002   Code   RO         1514    i.HAL_TIM_PWM_PulseFinishedCallback  stm32f0xx_hal_tim.o
    0x08003f9a   0x08003f9a   0x00000002   Code   RO         1521    i.HAL_TIM_PeriodElapsedCallback  stm32f0xx_hal_tim.o
    0x08003f9c   0x08003f9c   0x00000002   Code   RO         1525    i.HAL_TIM_TriggerCallback  stm32f0xx_hal_tim.o
    0x08003f9e   0x08003f9e   0x00000002   PAD
    0x08003fa0   0x08003fa0   0x000000c4   Code   RO         2342    i.HAL_UART_DeInit   stm32f0xx_hal_uart.o
    0x08004064   0x08004064   0x00000124   Code   RO         2347    i.HAL_UART_Init     stm32f0xx_hal_uart.o
    0x08004188   0x08004188   0x00000038   Code   RO          340    i.HAL_UART_MspDeInit  stm32f0xx_hal_msp.o
    0x080041c0   0x080041c0   0x00000090   Code   RO          341    i.HAL_UART_MspInit  stm32f0xx_hal_msp.o
    0x08004250   0x08004250   0x0000014c   Code   RO         2350    i.HAL_UART_Receive  stm32f0xx_hal_uart.o
    0x0800439c   0x0800439c   0x000000f0   Code   RO         2355    i.HAL_UART_Transmit  stm32f0xx_hal_uart.o
    0x0800448c   0x0800448c   0x00000004   Code   RO          256    i.HardFault_Handler  stm32f0xx_it.o
    0x08004490   0x08004490   0x00000032   Code   RO         1029    i.I2C_Flush_TXDR    stm32f0xx_hal_i2c.o
    0x080044c2   0x080044c2   0x00000002   PAD
    0x080044c4   0x080044c4   0x00000094   Code   RO         1037    i.I2C_IsAcknowledgeFailed  stm32f0xx_hal_i2c.o
    0x08004558   0x08004558   0x000000dc   Code   RO         1044    i.I2C_TransferConfig  stm32f0xx_hal_i2c.o
    0x08004634   0x08004634   0x00000052   Code   RO         1045    i.I2C_WaitOnFlagUntilTimeout  stm32f0xx_hal_i2c.o
    0x08004686   0x08004686   0x00000002   PAD
    0x08004688   0x08004688   0x00000098   Code   RO         1046    i.I2C_WaitOnRXNEFlagUntilTimeout  stm32f0xx_hal_i2c.o
    0x08004720   0x08004720   0x0000005a   Code   RO         1047    i.I2C_WaitOnSTOPFlagUntilTimeout  stm32f0xx_hal_i2c.o
    0x0800477a   0x0800477a   0x00000060   Code   RO         1048    i.I2C_WaitOnTXISFlagUntilTimeout  stm32f0xx_hal_i2c.o
    0x080047da   0x080047da   0x00000002   PAD
    0x080047dc   0x080047dc   0x00000030   Code   RO          606    i.ISL1208_read8     dvr_rtc.o
    0x0800480c   0x0800480c   0x000000a2   Code   RO          607    i.ISL1208_time      dvr_rtc.o
    0x080048ae   0x080048ae   0x00000002   PAD
    0x080048b0   0x080048b0   0x0000002c   Code   RO          608    i.ISL1208_write8    dvr_rtc.o
    0x080048dc   0x080048dc   0x0000010c   Code   RO          609    i.ISL1208time       dvr_rtc.o
    0x080049e8   0x080049e8   0x00000030   Code   RO          748    i.InitStrBmpBufferRS232  printer_bmp.o
    0x08004a18   0x08004a18   0x000000a8   Code   RO          411    i.InitstrImpresor   bsp_printer.o
    0x08004ac0   0x08004ac0   0x00000030   Code   RO           16    i.LimpiarBuferRecepcion  main.o
    0x08004af0   0x08004af0   0x000000b0   Code   RO           17    i.MX_ADC_Init       main.o
    0x08004ba0   0x08004ba0   0x00000100   Code   RO           18    i.MX_GPIO_Init      main.o
    0x08004ca0   0x08004ca0   0x0000005c   Code   RO           19    i.MX_I2C1_Init      main.o
    0x08004cfc   0x08004cfc   0x000000e8   Code   RO          412    i.MX_TIM14_Init     bsp_printer.o
    0x08004de4   0x08004de4   0x0000004c   Code   RO           20    i.MX_USART1_UART_Init  main.o
    0x08004e30   0x08004e30   0x00000184   Code   RO          749    i.MainPrinterBmpRS232  printer_bmp.o
    0x08004fb4   0x08004fb4   0x00000002   Code   RO          257    i.NMI_Handler       stm32f0xx_it.o
    0x08004fb6   0x08004fb6   0x00000002   PAD
    0x08004fb8   0x08004fb8   0x00000078   Code   RO         3118    i.NVIC_SetPriority  stm32f0xx_hal_cortex.o
    0x08005030   0x08005030   0x00000028   Code   RO          413    i.OffAllStrobes     bsp_printer.o
    0x08005058   0x08005058   0x00000020   Code   RO          414    i.OnStrobe0         bsp_printer.o
    0x08005078   0x08005078   0x00000020   Code   RO          415    i.OnStrobe1         bsp_printer.o
    0x08005098   0x08005098   0x00000020   Code   RO          416    i.OnStrobe2         bsp_printer.o
    0x080050b8   0x080050b8   0x00000002   Code   RO          258    i.PendSV_Handler    stm32f0xx_it.o
    0x080050ba   0x080050ba   0x00000002   PAD
    0x080050bc   0x080050bc   0x00000140   Code   RO          417    i.Print             bsp_printer.o
    0x080051fc   0x080051fc   0x00000284   Code   RO          418    i.PrintTextLine     bsp_printer.o
    0x08005480   0x08005480   0x0000007c   Code   RO           21    i.RTC_Init          main.o
    0x080054fc   0x080054fc   0x00000008   Code   RO           22    i.ReadSensors       main.o
    0x08005504   0x08005504   0x00000018   Code   RO          421    i.SET_HEADER_LAT    bsp_printer.o
    0x0800551c   0x0800551c   0x00000018   Code   RO          422    i.SET_HEADER_STB1   bsp_printer.o
    0x08005534   0x08005534   0x00000018   Code   RO          423    i.SET_HEADER_STB2   bsp_printer.o
    0x0800554c   0x0800554c   0x00000018   Code   RO          424    i.SET_HEADER_STB3   bsp_printer.o
    0x08005564   0x08005564   0x0000002c   Code   RO          614    i.SII_ISL1208StatusRegWr  dvr_rtc.o
    0x08005590   0x08005590   0x00000002   Code   RO          259    i.SVC_Handler       stm32f0xx_it.o
    0x08005592   0x08005592   0x0000001a   Code   RO           23    i.SendAndPrint      main.o
    0x080055ac   0x080055ac   0x00000384   Code   RO           24    i.SendPrinterInfo   main.o
    0x08005930   0x08005930   0x000000e0   Code   RO          426    i.SpeedMotorMonitor  bsp_printer.o
    0x08005a10   0x08005a10   0x00000008   Code   RO          260    i.SysTick_Handler   stm32f0xx_it.o
    0x08005a18   0x08005a18   0x000000b4   Code   RO           25    i.SystemClock_Config  main.o
    0x08005acc   0x08005acc   0x00000080   Code   RO         3502    i.SystemInit        system_stm32f0xx.o
    0x08005b4c   0x08005b4c   0x00000014   Code   RO          261    i.TIM14_IRQHandler  stm32f0xx_it.o
    0x08005b60   0x08005b60   0x000000a0   Code   RO         1526    i.TIM_Base_SetConfig  stm32f0xx_hal_tim.o
    0x08005c00   0x08005c00   0x00000278   Code   RO         2360    i.UART_AdvFeatureConfig  stm32f0xx_hal_uart.o
    0x08005e78   0x08005e78   0x0000001e   Code   RO         2361    i.UART_CheckIdleState  stm32f0xx_hal_uart.o
    0x08005e96   0x08005e96   0x00000002   PAD
    0x08005e98   0x08005e98   0x00000340   Code   RO         2376    i.UART_SetConfig    stm32f0xx_hal_uart.o
    0x080061d8   0x080061d8   0x00000070   Code   RO         2378    i.UART_WaitOnFlagUntilTimeout  stm32f0xx_hal_uart.o
    0x08006248   0x08006248   0x00000064   Code   RO          263    i.USART1_IRQHandler  stm32f0xx_it.o
    0x080062ac   0x080062ac   0x00000040   Code   RO          427    i.WritePrintHead    bsp_printer.o
    0x080062ec   0x080062ec   0x00000028   Code   RO         3786    i.__0sprintf        mc_p.l(printfa.o)
    0x08006314   0x08006314   0x0000002e   Code   RO         3868    i.__ARM_clz         mf_p.l(depilogue.o)
    0x08006342   0x08006342   0x0000001c   Code   RO          581    i.__ARM_common_switch8  bsp_printer.o
    0x0800635e   0x0800635e   0x0000000e   Code   RO         3878    i.__scatterload_copy  mc_p.l(handlers.o)
    0x0800636c   0x0800636c   0x00000002   Code   RO         3879    i.__scatterload_null  mc_p.l(handlers.o)
    0x0800636e   0x0800636e   0x0000000e   Code   RO         3880    i.__scatterload_zeroinit  mc_p.l(handlers.o)
    0x0800637c   0x0800637c   0x00000174   Code   RO         3791    i._fp_digits        mc_p.l(printfa.o)
    0x080064f0   0x080064f0   0x000006f0   Code   RO         3792    i._printf_core      mc_p.l(printfa.o)
    0x08006be0   0x08006be0   0x00000020   Code   RO         3793    i._printf_post_padding  mc_p.l(printfa.o)
    0x08006c00   0x08006c00   0x0000002c   Code   RO         3794    i._printf_pre_padding  mc_p.l(printfa.o)
    0x08006c2c   0x08006c2c   0x0000000a   Code   RO         3796    i._sputc            mc_p.l(printfa.o)
    0x08006c36   0x08006c36   0x00000002   Code   RO           26    i.assert_failed     main.o
    0x08006c38   0x08006c38   0x00000022   Code   RO          617    i.bcd2bin           dvr_rtc.o
    0x08006c5a   0x08006c5a   0x00000002   PAD
    0x08006c5c   0x08006c5c   0x00000244   Code   RO           27    i.iGet_ADCx_Value   main.o
    0x08006ea0   0x08006ea0   0x0000002a   Code   RO           28    i.isl1208_enable_oscillator  main.o
    0x08006eca   0x08006eca   0x00000002   PAD
    0x08006ecc   0x08006ecc   0x00000168   Code   RO           29    i.main              main.o
    0x08007034   0x08007034   0x00000050   Code   RO          429    i.send_printhead_byte  bsp_printer.o
    0x08007084   0x08007084   0x000000d0   Code   RO          431    i.vInterrup_TIM14   bsp_printer.o
    0x08007154   0x08007154   0x0000003c   Code   RO           30    i.vSend_String_Usart  main.o
    0x08007190   0x08007190   0x0000acf8   Data   RO          433    .constdata          bsp_printer.o
    0x08011e88   0x08011e88   0x00000018   Data   RO         3503    .constdata          system_stm32f0xx.o
    0x08011ea0   0x08011ea0   0x00000017   Data   RO           32    .conststring        main.o
    0x08011eb7   0x08011eb7   0x00000001   PAD
    0x08011eb8   0x08011eb8   0x00000020   Data   RO         3876    Region$$Table       anon$$obj.o


    Execution Region RW_IRAM1 (Exec base: 0x20000000, Load base: 0x08011ed8, Size: 0x00003ef8, Max: 0x00004000, ABSOLUTE)

    Exec Addr    Load Addr    Size         Type   Attr      Idx    E Section Name        Object

    0x20000000   0x08011ed8   0x0000000c   Data   RW           33    .data               main.o
    0x2000000c   0x08011ee4   0x00000005   Data   RW          264    .data               stm32f0xx_it.o
    0x20000011   0x08011ee9   0x00000001   Data   RW          434    .data               bsp_printer.o
    0x20000012   0x08011eea   0x00000002   PAD
    0x20000014   0x08011eec   0x00000004   Data   RW         2831    .data               stm32f0xx_hal.o
    0x20000018   0x08011ef0   0x00000004   Data   RW         3504    .data               system_stm32f0xx.o
    0x2000001c        -       0x00000348   Zero   RW           31    .bss                main.o
    0x20000364        -       0x00000b0c   Zero   RW          432    .bss                bsp_printer.o
    0x20000e70        -       0x00000034   Zero   RW          619    .bss                dvr_rtc.o
    0x20000ea4        -       0x00002a50   Zero   RW          750    .bss                printer_bmp.o
    0x200038f4   0x08011ef4   0x00000004   PAD
    0x200038f8        -       0x00000600   Zero   RW            1    STACK               startup_stm32f070xb.o


==============================================================================

Image component sizes


      Code (inc. data)   RO Data    RW Data    ZI Data      Debug   Object Name

      4792        684      44280          1       2828      17509   bsp_printer.o
       628         20          0          0         52       5648   dvr_rtc.o
      2934        520         23         12        840     303128   main.o
       436         34          0          0      10832       2083   printer_bmp.o
        28          8        192          0       1536        616   startup_stm32f070xb.o
       130         14          0          4          0       3519   stm32f0xx_hal.o
      2096        294          0          0          0       4758   stm32f0xx_hal_adc.o
       588        272          0          0          0      10217   stm32f0xx_hal_cortex.o
      1624        384          0          0          0       4506   stm32f0xx_hal_gpio.o
      2118        164          0          0          0      10022   stm32f0xx_hal_i2c.o
       456        140          0          0          0       1939   stm32f0xx_hal_i2c_ex.o
       632         60          0          0          0       3889   stm32f0xx_hal_msp.o
      2960        224          0          0          0       5213   stm32f0xx_hal_rcc.o
       568         76          0          0          0       1444   stm32f0xx_hal_rcc_ex.o
      1366        294          0          0          0       6570   stm32f0xx_hal_tim.o
         4          0          0          0          0       1470   stm32f0xx_hal_tim_ex.o
      2666        334          0          0          0       7218   stm32f0xx_hal_uart.o
       138         20          0          5          0       3208   stm32f0xx_it.o
       128         12         24          4          0       1091   system_stm32f0xx.o

    ----------------------------------------------------------------------
     24318       3554      44552         28      16092     394048   Object Totals
         0          0         32          0          0          0   (incl. Generated)
        26          0          1          2          4          0   (incl. Padding)

    ----------------------------------------------------------------------

      Code (inc. data)   RO Data    RW Data    ZI Data      Debug   Library Member Name

         0          0          0          0          0          0   entry.o
         0          0          0          0          0          0   entry10a.o
         0          0          0          0          0          0   entry11a.o
         4          0          0          0          0          0   entry12b.o
         8          4          0          0          0          0   entry2.o
         4          0          0          0          0          0   entry5.o
         0          0          0          0          0          0   entry7b.o
         0          0          0          0          0          0   entry8b.o
         8          4          0          0          0          0   entry9a.o
        30          0          0          0          0          0   handlers.o
        40          0          0          0          0         72   idiv.o
        36          8          0          0          0         68   init.o
         0          0          0          0          0          0   iusefp.o
        32          0          0          0          0         68   llshl.o
        38          0          0          0          0         68   llsshr.o
        34          0          0          0          0         68   llushr.o
        36          0          0          0          0         60   memcpya.o
        36          0          0          0          0        100   memseta.o
      2274         94          0          0          0        472   printfa.o
        28          0          0          0          0         68   strcmp.o
        18          0          0          0          0         60   strcpy.o
        44          0          0          0          0         72   uidiv.o
        96          0          0          0          0         84   uldiv.o
        40          2          0          0          0         68   cdcmple.o
        40          2          0          0          0         68   cdrcmple.o
        20          0          0          0          0         68   cfcmple.o
        56          0          0          0          0         68   d2f.o
       360          6          0          0          0        140   dadd.o
       240          6          0          0          0         84   ddiv.o
       236          0          0          0          0        216   depilogue.o
        60         10          0          0          0         68   dfixui.o
        64         10          0          0          0         68   dfixul.o
        40          6          0          0          0         68   dflti.o
        28          4          0          0          0         68   dfltui.o
       208          6          0          0          0         88   dmul.o
        40          0          0          0          0         60   f2d.o
       178          0          0          0          0        108   fadd.o
       130          0          0          0          0        144   fepilogue.o
        50          0          0          0          0         60   ffixi.o

    ----------------------------------------------------------------------
      4562        162          0          0          0       2704   Library Totals
         6          0          0          0          0          0   (incl. Padding)

    ----------------------------------------------------------------------

      Code (inc. data)   RO Data    RW Data    ZI Data      Debug   Library Name

      2766        110          0          0          0       1260   mc_p.l
      1790         52          0          0          0       1444   mf_p.l

    ----------------------------------------------------------------------
      4562        162          0          0          0       2704   Library Totals

    ----------------------------------------------------------------------

==============================================================================


      Code (inc. data)   RO Data    RW Data    ZI Data      Debug   

     28880       3716      44552         28      16092     390368   Grand Totals
     28880       3716      44552         28      16092     390368   ELF Image Totals
     28880       3716      44552         28          0          0   ROM Totals

==============================================================================

    Total RO  Size (Code + RO Data)                73432 (  71.71kB)
    Total RW  Size (RW Data + ZI Data)             16120 (  15.74kB)
    Total ROM Size (Code + RO Data + RW Data)      73460 (  71.74kB)

==============================================================================

